Wed Apr 15 21:00:01 EDT 2026: Backup trigger firing
Wed Apr 15 21:00:03 EDT 2026: Dispatched orchestrator (broadway)
Thu Apr 23 21:00:01 EDT 2026: Backup trigger firing
Thu Apr 23 21:00:03 EDT 2026: Dispatched orchestrator (broadway)
Mon Jun  8 21:00:01 EDT 2026: Backup trigger firing
Mon Jun  8 21:00:03 EDT 2026: Dispatched orchestrator (broadway)
Sun Jun 21 21:00:02 EDT 2026: Backup trigger firing
Sun Jun 21 21:00:04 EDT 2026: Dispatched orchestrator (broadway)
Sun Jun 28 21:00:02 EDT 2026: Backup trigger firing
Sun Jun 28 21:00:03 EDT 2026: Dispatched orchestrator (broadway)
Sun Jul  5 21:00:03 EDT 2026: Backup trigger firing
Sun Jul  5 21:00:04 EDT 2026: Dispatched orchestrator (broadway)
Mon Jul  6 21:00:00 EDT 2026: Backup trigger firing
unable to determine default branch for thomaspryor/Broadwayscore: Post "https://api.github.com/graphql": dial tcp 140.82.113.5:443: connect: can't assign requested address
Mon Jul  6 21:00:00 EDT 2026: ERROR dispatching orchestrator
Tue Jul  7 21:00:00 EDT 2026: Backup trigger firing
unable to determine default branch for thomaspryor/Broadwayscore: Post "https://api.github.com/graphql": dial tcp 140.82.114.6:443: connect: can't assign requested address
Tue Jul  7 21:00:00 EDT 2026: ERROR dispatching orchestrator
Wed Jul  8 21:00:02 EDT 2026: Backup trigger firing
Wed Jul  8 21:00:05 EDT 2026: Dispatched orchestrator (broadway)
Thu Jul  9 21:00:02 EDT 2026: Backup trigger firing
Thu Jul  9 21:00:04 EDT 2026: Dispatched orchestrator (broadway)
Fri Jul 10 21:00:01 EDT 2026: Backup trigger firing
Fri Jul 10 21:00:03 EDT 2026: Dispatched orchestrator (broadway)
Wed Jul 15 21:00:01 EDT 2026: Backup trigger firing
Wed Jul 15 21:00:03 EDT 2026: Dispatched orchestrator (broadway)
Thu Jul 16 21:00:00 EDT 2026: Backup trigger firing
Thu Jul 16 21:00:01 EDT 2026: Dispatched orchestrator (broadway)
Fri Jul 17 21:00:03 EDT 2026: Backup trigger firing
Fri Jul 17 21:00:04 EDT 2026: Dispatched orchestrator (broadway)
