Sun Mar 29 23:52:05 EDT 2026: Starting opening night monitor phase 1 for dog-day-afternoon-2026
Everything is green now. Updated report:

---

## Dog Day Afternoon Opening Night — Final Report

**Show status:** `open` (updated successfully on 3rd attempt)

**Reviews collected:** 4 so far
- Deadline (Greg Evans)
- Hollywood Reporter (Caitlin Huston)
- Playbill
- TheaterMania (David Gordon)

**Orchestrator:** Succeeded (20:39 UTC)

**Poller:** Actively running — new cycle at 04:22 UTC. All cycles succeeding.

**Fixes applied:**
1. **Orphan show ID blocking `update-show-status`** — `unfortunate-the-untold-story-of-ursula-the-sea-witch` was collected as `off-west-end` but shows.json uses `west-end`. Fixed in both the public repo (15 data files + directory rename) and private `broadway-scorecard-data` repo (reviews.json). Took 3 attempts because the first fix only hit local files, not the private repo.

**Unrelated failures:** 11x `Backfill Cast Data` — not opening-night-related.

---

**Next steps (future session):**
- Monitor over the next 2-3 hours for T1 reviews (NYT, Vulture, Variety) — the poller will keep cycling
- Investigate the recurring `Backfill Cast Data` failures
- Root-cause how the Unfortunate show got collected with the wrong market ID to prevent recurrence
Mon Mar 30 00:23:41 EDT 2026: Phase 1 complete
