
📊 Commercial Backfill: 59 shows to research

[1/59] Appropriate (appropriate-2023)
  🔍 Researching via o4-mini web search...
    Tokens: 50387 in, 3991 out
  💰 Cap: unknown | ❓ Unknown | Nonprofit | Confidence: medium

[2/59] Doubt: A Parable (doubt-2024)
  🔍 Researching via o4-mini web search...
    Tokens: 48526 in, 4904 out
  💰 Cap: unknown | ❓ Unknown | Nonprofit | Confidence: high

[3/59] Grey House (grey-house-2023)
  🔍 Researching via o4-mini web search...
    Tokens: 38284 in, 5135 out
  💰 Cap: unknown | ❓ Unknown | Flop | Confidence: low

[4/59] Hairspray (hairspray-2002)
  🔍 Researching via o4-mini web search...
    Tokens: 82461 in, 5420 out
  💰 Cap: $10.5M | ✅ Recouped | Easy Winner | Confidence: medium

[5/59] I Need That (i-need-that-2023)
  🔍 Researching via o4-mini web search...
    Tokens: 35846 in, 4909 out
  💰 Cap: unknown | ❓ Unknown | Nonprofit | Confidence: high

[6/59] Jaja's African Hair Braiding (jajas-african-hair-braiding-2023)
  🔍 Researching via o4-mini web search...
    Tokens: 38024 in, 4455 out
  💰 Cap: unknown | ❓ Unknown | Nonprofit | Confidence: medium

[7/59] Mary Jane (mary-jane-2024)
  🔍 Researching via o4-mini web search...
    Tokens: 45256 in, 4015 out
  💰 Cap: unknown | ❓ Unknown | Nonprofit | Confidence: high

[8/59] Mother Play (mother-play-2024)
  🔍 Researching via o4-mini web search...
    Tokens: 58457 in, 4901 out
  💰 Cap: unknown | ❓ Unknown | Nonprofit | Confidence: low

[9/59] Patriots (patriots-2024)
  🔍 Researching via o4-mini web search...
    Tokens: 64634 in, 8054 out
  💰 Cap: $8.5M | ❌ Not recouped | Flop | Confidence: medium

[10/59] Prayer for the French Republic (prayer-for-the-french-republic-2024)
  🔍 Researching via o4-mini web search...
    Tokens: 47889 in, 6772 out
  💰 Cap: unknown | ❓ Unknown | Nonprofit | Confidence: high

[11/59] The Cottage (the-cottage-2023)
  🔍 Researching via o4-mini web search...
    Tokens: 72583 in, 9044 out
  💰 Cap: unknown | ❓ Unknown | Flop | Confidence: medium

[12/59] The Heart of Rock and Roll (heart-of-rock-and-roll-2024)
  🔍 Researching via o4-mini web search...
    Tokens: 69625 in, 5499 out
  💰 Cap: unknown | ❌ Not recouped | Flop | Confidence: medium

[13/59] Uncle Vanya (uncle-vanya-2024)
  🔍 Researching via o4-mini web search...
    Tokens: 65138 in, 5330 out
  💰 Cap: unknown | ❓ Unknown | Nonprofit | Confidence: low

[14/59] Waiting for Godot (waiting-for-godot-2025)
  🔍 Researching via o4-mini web search...
    Tokens: 65453 in, 9916 out
  💰 Cap: $7.5M | ✅ Recouped | Windfall | Confidence: high

[15/59] Beautiful The Carole King Musical (beautiful-the-carole-king-musical-2014)
  🔍 Researching via o4-mini web search...
    Tokens: 60469 in, 5074 out
  💰 Cap: $13.0M | ✅ Recouped | Miracle | Confidence: high

[16/59] Pretty Woman: The Musical (pretty-woman-the-musical-2018)
  🔍 Researching via o4-mini web search...
    Tokens: 52707 in, 5727 out
  💰 Cap: $17.0M | ❌ Not recouped | Fizzle | Confidence: medium

[17/59] 1776 (1776-2022)
  🔍 Researching via o4-mini web search...
    Tokens: 103324 in, 9353 out
  💰 Cap: unknown | ❓ Unknown | Nonprofit | Confidence: low

[18/59] A Christmas Carol (a-christmas-carol-2022)
  🔍 Researching via o4-mini web search...
    Tokens: 73219 in, 5988 out
  💰 Cap: unknown | ❌ Not recouped | Flop | Confidence: low

[19/59] A Doll's House (a-dolls-house-2023)
  🔍 Researching via o4-mini web search...
    Tokens: 58676 in, 5599 out
  💰 Cap: unknown | ❓ Unknown | TBD | Confidence: low

[20/59] Ain't No Mo' (aint-no-mo-2022)
  🔍 Researching via o4-mini web search...
    Tokens: 111035 in, 9550 out
  💰 Cap: $6.0M | ❌ Not recouped | Flop | Confidence: medium

[21/59] Bad Cinderella (bad-cinderella-2023)
  🔍 Researching via o4-mini web search...
    Tokens: 90572 in, 8158 out
  💰 Cap: $19.0M | ❌ Not recouped | Flop | Confidence: high

[22/59] Between Riverside and Crazy (between-riverside-and-crazy-2022)
  🔍 Researching via o4-mini web search...
    Tokens: 36331 in, 3851 out
  💰 Cap: $2.8M | ❌ Not recouped | Fizzle | Confidence: medium

[23/59] Bob Fosse's Dancin' (bob-fosses-dancin-2023)
  🔍 Researching via o4-mini web search...
    Tokens: 64715 in, 4247 out
  💰 Cap: unknown | ❌ Not recouped | Fizzle | Confidence: low

[24/59] Camelot (camelot-2023)
  🔍 Researching via o4-mini web search...
    Tokens: 72417 in, 6283 out
  💰 Cap: unknown | ❓ Unknown | Nonprofit | Confidence: medium

[25/59] Cost of Living (cost-of-living-2022)
  🔍 Researching via o4-mini web search...
    Tokens: 73139 in, 9803 out
  💰 Cap: unknown | ❓ Unknown | Nonprofit | Confidence: high

[26/59] Death of a Salesman (death-of-a-salesman-2022)
  🔍 Researching via o4-mini web search...
    Tokens: 104459 in, 11859 out
  💰 Cap: $9.1M | ❌ Not recouped | Fizzle | Confidence: medium

[27/59] Fat Ham (fat-ham-2023)
  🔍 Researching via o4-mini web search...
    Tokens: 90038 in, 6739 out
  💰 Cap: $7.1M | ❌ Not recouped | Fizzle | Confidence: medium

[28/59] Good Night, Oscar (good-night-oscar-2023)
  🔍 Researching via o4-mini web search...
    Tokens: 65690 in, 7361 out
  💰 Cap: $10.7M | ❌ Not recouped | Fizzle | Confidence: medium

[29/59] Into the Woods (into-the-woods-2022)
  🔍 Researching via o4-mini web search...
    Tokens: 77469 in, 8299 out
  💰 Cap: $4.0M | ✅ Recouped | Easy Winner | Confidence: medium

[30/59] Life of Pi (life-of-pi-2023)
  🔍 Researching via o4-mini web search...
    Tokens: 68565 in, 6698 out
  💰 Cap: $9.3M | ❌ Not recouped | Flop | Confidence: medium

[31/59] Peter Pan Goes Wrong (peter-pan-goes-wrong-2023)
  🔍 Researching via o4-mini web search...
    Tokens: 80143 in, 5904 out
  💰 Cap: unknown | ❓ Unknown | TBD | Confidence: low

[32/59] Pictures From Home (pictures-from-home-2023)
  🔍 Researching via o4-mini web search...
    Tokens: 44262 in, 6959 out
  💰 Cap: $8.2M | ❌ Not recouped | Fizzle | Confidence: medium

[33/59] Prima Facie (prima-facie-2023)
  🔍 Researching via o4-mini web search...
    Tokens: 52042 in, 7110 out
  💰 Cap: $4.1M | ✅ Recouped | Miracle | Confidence: high

[34/59] Summer, 1976 (summer-1976-2023)
  🔍 Researching via o4-mini web search...
    Tokens: 55406 in, 5144 out
  💰 Cap: unknown | ❓ Unknown | Nonprofit | Confidence: high

[35/59] Take Me Out (take-me-out-2022)
  🔍 Researching via o4-mini web search...
    Tokens: 82663 in, 7750 out
  💰 Cap: unknown | ❌ Not recouped | Fizzle | Confidence: low

[36/59] The Collaboration (the-collaboration-2022)
  🔍 Researching via o4-mini web search...
    Tokens: 52512 in, 5291 out
  💰 Cap: unknown | ❓ Unknown | Nonprofit | Confidence: high

[37/59] The Piano Lesson (the-piano-lesson-2022)
  🔍 Researching via o4-mini web search...
    Tokens: 72943 in, 9143 out
  💰 Cap: $7.0M | ✅ Recouped | Trickle | Confidence: medium

[38/59] The Sign in Sidney Brustein's Window (the-sign-in-sidney-brusteins-window-2023)
  🔍 Researching via o4-mini web search...
    Tokens: 74162 in, 5288 out
  💰 Cap: unknown | ❓ Unknown | Flop | Confidence: low

[39/59] The Thanksgiving Play (the-thanksgiving-play-2023)
  🔍 Researching via o4-mini web search...
    Tokens: 69737 in, 5603 out
  💰 Cap: unknown | ❓ Unknown | Nonprofit | Confidence: medium

[40/59] All In: Comedy About Love (all-in-comedy-about-love-2024)
  🔍 Researching via o4-mini web search...
    Tokens: 56954 in, 8118 out
  💰 Cap: $4.8M | ✅ Recouped | Easy Winner | Confidence: high

[41/59] Cult of Love (cult-of-love-2024)
  🔍 Researching via o4-mini web search...
    Tokens: 41412 in, 4905 out
  💰 Cap: unknown | ❓ Unknown | Nonprofit | Confidence: medium

[42/59] English (english-2025)
  🔍 Researching via o4-mini web search...
    Tokens: 58329 in, 4800 out
  💰 Cap: unknown | ❓ Unknown | Nonprofit | Confidence: medium

[43/59] Eureka Day (eureka-day-2024)
  🔍 Researching via o4-mini web search...
    Tokens: 50167 in, 5780 out
  💰 Cap: unknown | ❓ Unknown | Nonprofit | Confidence: medium

[44/59] Floyd Collins (floyd-collins-2025)
  🔍 Researching via o4-mini web search...
    Tokens: 55133 in, 7543 out
  💰 Cap: unknown | ❓ Unknown | Nonprofit | Confidence: high

[45/59] Glengarry Glen Ross (glengarry-glen-ross-2025)
  🔍 Researching via o4-mini web search...
    Tokens: 68105 in, 7431 out
  💰 Cap: $7.5M | ✅ Recouped | Miracle | Confidence: high

[46/59] Home (home-2024)
  🔍 Researching via o4-mini web search...
    Tokens: 62801 in, 6904 out
  💰 Cap: unknown | ❌ Not recouped | Nonprofit | Confidence: high

[47/59] JOB (job-2024)
  🔍 Researching via o4-mini web search...
    Tokens: 77414 in, 8089 out
  💰 Cap: unknown | ❓ Unknown | TBD | Confidence: low

[48/59] John Proctor is the Villain (john-proctor-is-the-villain-2025)
  🔍 Researching via o4-mini web search...
    Tokens: 80874 in, 7037 out
  💰 Cap: unknown | ❓ Unknown | TBD | Confidence: medium

[49/59] Left on Tenth (left-on-tenth-2024)
  🔍 Researching via o4-mini web search...
    Tokens: 66546 in, 7773 out
  💰 Cap: $9.0M | ❌ Not recouped | Flop | Confidence: medium

[50/59] McNeal (mcneal-2024)
  🔍 Researching via o4-mini web search...
    Tokens: 30034 in, 3040 out
  💰 Cap: unknown | ❓ Unknown | Nonprofit | Confidence: high

[51/59] Othello (othello-2025)
  🔍 Researching via o4-mini web search...
    Tokens: 74339 in, 11641 out
  💰 Cap: $9.0M | ✅ Recouped | Miracle | Confidence: medium

[52/59] Pirates! The Penzance Musical (pirates-the-penzance-musical-2025)
  🔍 Researching via o4-mini web search...
    Tokens: 42224 in, 4850 out
  💰 Cap: unknown | ❓ Unknown | Nonprofit | Confidence: high

[53/59] Purpose (purpose-2025)
  🔍 Researching via o4-mini web search...
    Tokens: 86358 in, 8141 out
  💰 Cap: $9.2M | ❓ Unknown | TBD | Confidence: medium

[54/59] Romeo + Juliet (romeo-juliet-2024)
  🔍 Researching via o4-mini web search...
    Tokens: 68435 in, 6921 out
  💰 Cap: $7.0M | ✅ Recouped | Easy Winner | Confidence: medium

[55/59] Stephen Sondheim's Old Friends (stephen-sondheims-old-friends-2025)
  🔍 Researching via o4-mini web search...
    Tokens: 48036 in, 6892 out
  💰 Cap: $12.0M | ❌ Not recouped | Flop | Confidence: high

[56/59] Swept Away (swept-away-2024)
  📖 Using Reddit post-mortem data (u/Boring_Waltz_9545)
  💰 Cap: $14.5M | ❌ Not recouped | Flop | Confidence: low

[57/59] The Hills of California (the-hills-of-california-2024)
  🔍 Researching via o4-mini web search...
    Tokens: 78474 in, 7032 out
  💰 Cap: unknown | ❓ Unknown | TBD | Confidence: low

[58/59] The Last Five Years (the-last-five-years-2025)
  🔍 Researching via o4-mini web search...
    Tokens: 98786 in, 6636 out
  💰 Cap: unknown | ❌ Not recouped | Flop | Confidence: medium

[59/59] Yellow Face (yellow-face-2024)
  🔍 Researching via o4-mini web search...
    Tokens: 43128 in, 6427 out
  💰 Cap: $4.6M | ❌ Not recouped | Nonprofit | Confidence: medium

✅ Done! Researched: 59 | Reddit-seeded: 1 | API: 58 | Failed: 0
   Results written to /Users/tompryor/Broadwayscore/data/commercial-pending-review.json
