Backfilling 132 weeks of grosses history from Playbill...
132 total weeks, 132 need backfill (0 already in history)

Fetching week 2025-01-05...
  ✓ 33 shows matched for week 2025-01-05

Fetching week 2024-12-29...
  ✓ 33 shows matched for week 2024-12-29

Fetching week 2024-12-22...
  ✓ 34 shows matched for week 2024-12-22
  [Saved progress: 172 weeks]

Fetching week 2024-12-15...
  ✓ 36 shows matched for week 2024-12-15

Fetching week 2024-12-08...
  ✓ 37 shows matched for week 2024-12-08

Fetching week 2024-12-01...
  ✓ 38 shows matched for week 2024-12-01
  [Saved progress: 175 weeks]

Fetching week 2024-11-24...
  ✓ 39 shows matched for week 2024-11-24

Fetching week 2024-11-17...
  ✓ 37 shows matched for week 2024-11-17

Fetching week 2024-11-10...
  ✓ 37 shows matched for week 2024-11-10
  [Saved progress: 178 weeks]

Fetching week 2024-11-03...
  ✓ 36 shows matched for week 2024-11-03

Fetching week 2024-10-27...
  ✓ 36 shows matched for week 2024-10-27

Fetching week 2024-10-20...
  ✓ 35 shows matched for week 2024-10-20
  [Saved progress: 181 weeks]

Fetching week 2024-10-13...
  ✓ 32 shows matched for week 2024-10-13

Fetching week 2024-10-06...
  ✓ 32 shows matched for week 2024-10-06

Fetching week 2024-09-29...
  ✓ 32 shows matched for week 2024-09-29
  [Saved progress: 184 weeks]

Fetching week 2024-09-22...
  ✓ 29 shows matched for week 2024-09-22

Fetching week 2024-09-15...
  ✓ 28 shows matched for week 2024-09-15

Fetching week 2024-09-08...
  ✓ 26 shows matched for week 2024-09-08
  [Saved progress: 187 weeks]

Fetching week 2024-09-01...
  ✓ 25 shows matched for week 2024-09-01

Fetching week 2024-08-25...
  ✓ 24 shows matched for week 2024-08-25

Fetching week 2024-08-18...
  ✓ 25 shows matched for week 2024-08-18
  [Saved progress: 190 weeks]

Fetching week 2024-08-11...
  ✓ 26 shows matched for week 2024-08-11

Fetching week 2024-08-04...
  ✓ 26 shows matched for week 2024-08-04

Fetching week 2024-07-28...
  ✓ 25 shows matched for week 2024-07-28
  [Saved progress: 193 weeks]

Fetching week 2024-07-21...
  ✓ 27 shows matched for week 2024-07-21

Fetching week 2024-07-14...
  ✓ 26 shows matched for week 2024-07-14

Fetching week 2024-07-07...
  ✓ 27 shows matched for week 2024-07-07
  [Saved progress: 196 weeks]

Fetching week 2024-06-30...
  ✓ 30 shows matched for week 2024-06-30

Fetching week 2024-06-23...
  ✓ 32 shows matched for week 2024-06-23

Fetching week 2024-06-16...
  ✓ 34 shows matched for week 2024-06-16
  [Saved progress: 199 weeks]

Fetching week 2024-06-09...
  ✓ 34 shows matched for week 2024-06-09

Fetching week 2024-06-02...
  ✓ 34 shows matched for week 2024-06-02

Fetching week 2024-05-26...
  ✓ 34 shows matched for week 2024-05-26
  [Saved progress: 202 weeks]

Fetching week 2024-05-19...
  ✓ 35 shows matched for week 2024-05-19

Fetching week 2024-05-12...
  ✓ 34 shows matched for week 2024-05-12

Fetching week 2024-05-05...
  ✓ 35 shows matched for week 2024-05-05
  [Saved progress: 205 weeks]

Fetching week 2024-04-28...
  ✓ 36 shows matched for week 2024-04-28

Fetching week 2024-04-21...
  ✓ 36 shows matched for week 2024-04-21

Fetching week 2024-04-14...
  ✓ 36 shows matched for week 2024-04-14
  [Saved progress: 208 weeks]

Fetching week 2024-04-07...
  ✓ 37 shows matched for week 2024-04-07

Fetching week 2024-03-31...
  ✓ 32 shows matched for week 2024-03-31

Fetching week 2024-03-24...
  ✓ 26 shows matched for week 2024-03-24
  [Saved progress: 211 weeks]

Fetching week 2024-03-17...
  ✓ 25 shows matched for week 2024-03-17

Fetching week 2024-03-10...
  ✓ 24 shows matched for week 2024-03-10

Fetching week 2024-03-03...
  ✓ 25 shows matched for week 2024-03-03
  [Saved progress: 214 weeks]

Fetching week 2024-02-25...
  ✓ 24 shows matched for week 2024-02-25

Fetching week 2024-02-18...
  ✓ 23 shows matched for week 2024-02-18

Fetching week 2024-02-11...
  ✓ 24 shows matched for week 2024-02-11
  [Saved progress: 217 weeks]

Fetching week 2024-02-04...
  ✓ 25 shows matched for week 2024-02-04

Fetching week 2024-01-28...
  ✓ 25 shows matched for week 2024-01-28

Fetching week 2024-01-21...
  ✓ 25 shows matched for week 2024-01-21
  [Saved progress: 220 weeks]

Fetching week 2024-01-14...
  ✓ 26 shows matched for week 2024-01-14

Fetching week 2024-01-07...
  ✓ 26 shows matched for week 2024-01-07

Fetching week 2023-12-31...
  ✓ 27 shows matched for week 2023-12-31
  [Saved progress: 223 weeks]

Fetching week 2023-12-24...
  ✓ 27 shows matched for week 2023-12-24

Fetching week 2023-12-17...
  ✓ 26 shows matched for week 2023-12-17

Fetching week 2023-12-10...
  ✓ 26 shows matched for week 2023-12-10
  [Saved progress: 226 weeks]

Fetching week 2023-12-03...
  ✓ 26 shows matched for week 2023-12-03

Fetching week 2023-11-26...
  ✓ 26 shows matched for week 2023-11-26

Fetching week 2023-11-19...
  ✓ 28 shows matched for week 2023-11-19
  [Saved progress: 229 weeks]

Fetching week 2023-11-12...
  ✓ 27 shows matched for week 2023-11-12

Fetching week 2023-11-05...
  ✓ 27 shows matched for week 2023-11-05

Fetching week 2023-10-29...
  ✓ 27 shows matched for week 2023-10-29
  [Saved progress: 232 weeks]

Fetching week 2023-10-22...
  ✓ 27 shows matched for week 2023-10-22

Fetching week 2023-10-15...
  ✓ 26 shows matched for week 2023-10-15

Fetching week 2023-10-08...
  ✓ 25 shows matched for week 2023-10-08
  [Saved progress: 235 weeks]

Fetching week 2023-10-01...
  ✓ 25 shows matched for week 2023-10-01

Fetching week 2023-09-24...
  ✓ 25 shows matched for week 2023-09-24

Fetching week 2023-09-17...
  ✓ 24 shows matched for week 2023-09-17
  [Saved progress: 238 weeks]

Fetching week 2023-09-10...
  ✓ 22 shows matched for week 2023-09-10

Fetching week 2023-09-03...
  ✓ 23 shows matched for week 2023-09-03

Fetching week 2023-08-27...
  ✓ 24 shows matched for week 2023-08-27
  [Saved progress: 241 weeks]

Fetching week 2023-08-20...
  ✓ 25 shows matched for week 2023-08-20

Fetching week 2023-08-13...
  ✓ 25 shows matched for week 2023-08-13

Fetching week 2023-08-06...
  ✓ 26 shows matched for week 2023-08-06
  [Saved progress: 244 weeks]

Fetching week 2023-07-30...
  ✓ 28 shows matched for week 2023-07-30

Fetching week 2023-07-23...
  ✓ 30 shows matched for week 2023-07-23

Fetching week 2023-07-16...
  ✓ 30 shows matched for week 2023-07-16
  [Saved progress: 247 weeks]

Fetching week 2023-07-09...
  ✓ 30 shows matched for week 2023-07-09

Fetching week 2023-07-02...
  ✓ 33 shows matched for week 2023-07-02

Fetching week 2023-06-25...
  ✓ 32 shows matched for week 2023-06-25
  [Saved progress: 250 weeks]

Fetching week 2023-06-18...
  ✓ 32 shows matched for week 2023-06-18

Fetching week 2023-06-11...
  ✓ 33 shows matched for week 2023-06-11

Fetching week 2023-06-04...
  ✓ 34 shows matched for week 2023-06-04
  [Saved progress: 253 weeks]

Fetching week 2023-05-28...
  ✓ 34 shows matched for week 2023-05-28

Fetching week 2023-05-21...
  ✓ 34 shows matched for week 2023-05-21

Fetching week 2023-05-14...
  ✓ 35 shows matched for week 2023-05-14
  [Saved progress: 256 weeks]

Fetching week 2023-05-07...
  ✓ 34 shows matched for week 2023-05-07

Fetching week 2023-04-30...
  ✓ 35 shows matched for week 2023-04-30

Fetching week 2023-04-23...
  ✓ 33 shows matched for week 2023-04-23
  [Saved progress: 259 weeks]

Fetching week 2023-04-16...
  ✓ 34 shows matched for week 2023-04-16

Fetching week 2023-04-09...
  ✓ 33 shows matched for week 2023-04-09

Fetching week 2023-04-02...
  ✓ 31 shows matched for week 2023-04-02
  [Saved progress: 262 weeks]

Fetching week 2023-03-26...
  ✓ 31 shows matched for week 2023-03-26

Fetching week 2023-03-19...
  ✓ 29 shows matched for week 2023-03-19

Fetching week 2023-03-12...
  ✓ 27 shows matched for week 2023-03-12
  [Saved progress: 265 weeks]

Fetching week 2023-03-05...
  ✓ 24 shows matched for week 2023-03-05

Fetching week 2023-02-26...
  ✓ 23 shows matched for week 2023-02-26

Fetching week 2023-02-19...
  ✓ 22 shows matched for week 2023-02-19
  [Saved progress: 268 weeks]

Fetching week 2023-02-12...
  ✓ 21 shows matched for week 2023-02-12

Fetching week 2023-02-05...
  ✓ 22 shows matched for week 2023-02-05

Fetching week 2023-01-29...
  ✓ 23 shows matched for week 2023-01-29
  [Saved progress: 271 weeks]

Fetching week 2023-01-22...
  ✓ 23 shows matched for week 2023-01-22

Fetching week 2023-01-15...
  ✓ 28 shows matched for week 2023-01-15

Fetching week 2023-01-08...
  ✓ 31 shows matched for week 2023-01-08
  [Saved progress: 274 weeks]

Fetching week 2023-01-01...
  ✓ 32 shows matched for week 2023-01-01

Fetching week 2022-12-25...
  ✓ 32 shows matched for week 2022-12-25

Fetching week 2022-12-18...
  ✓ 33 shows matched for week 2022-12-18
  [Saved progress: 277 weeks]

Fetching week 2022-12-11...
  ✓ 34 shows matched for week 2022-12-11

Fetching week 2022-12-04...
  ✓ 34 shows matched for week 2022-12-04

Fetching week 2022-11-27...
  ✓ 32 shows matched for week 2022-11-27
  [Saved progress: 280 weeks]

Fetching week 2022-11-20...
  ✓ 33 shows matched for week 2022-11-20

Fetching week 2022-11-13...
  ✓ 33 shows matched for week 2022-11-13

Fetching week 2022-11-06...
  ✓ 31 shows matched for week 2022-11-06
  [Saved progress: 283 weeks]

Fetching week 2022-10-30...
  ✓ 30 shows matched for week 2022-10-30

Fetching week 2022-10-23...
  ✓ 27 shows matched for week 2022-10-23

Fetching week 2022-10-16...
  ✓ 26 shows matched for week 2022-10-16
  [Saved progress: 286 weeks]

Fetching week 2022-10-09...
  ✓ 24 shows matched for week 2022-10-09

Fetching week 2022-10-02...
  ✓ 24 shows matched for week 2022-10-02

Fetching week 2022-09-25...
  ✓ 24 shows matched for week 2022-09-25
  [Saved progress: 289 weeks]

Fetching week 2022-09-18...
  ✓ 24 shows matched for week 2022-09-18

Fetching week 2022-09-11...
  ✓ 19 shows matched for week 2022-09-11

Fetching week 2022-09-04...
  ✓ 21 shows matched for week 2022-09-04
  [Saved progress: 292 weeks]

Fetching week 2022-08-28...
  ✓ 21 shows matched for week 2022-08-28

Fetching week 2022-08-21...
  ✓ 20 shows matched for week 2022-08-21

Fetching week 2022-08-14...
  ✓ 22 shows matched for week 2022-08-14
  [Saved progress: 295 weeks]

Fetching week 2022-08-07...
  ✓ 22 shows matched for week 2022-08-07

Fetching week 2022-07-31...
  ✓ 23 shows matched for week 2022-07-31

Fetching week 2022-07-24...
  ✓ 24 shows matched for week 2022-07-24
  [Saved progress: 298 weeks]

Fetching week 2022-07-17...
  ✓ 25 shows matched for week 2022-07-17

Fetching week 2022-07-10...
  ✓ 28 shows matched for week 2022-07-10

Fetching week 2022-07-03...
  ✓ 27 shows matched for week 2022-07-03
  [Saved progress: 301 weeks]

=== Backfill Complete ===
Success: 132, Failed: 0
Total weeks in history: 301
Saved to /Users/tompryor/Broadwayscore/data/grosses-history.json
