Backfilling 313 weeks of grosses history from Playbill...
313 total weeks, 312 need backfill (1 already in history)

Fetching week 2025-01-05...
  ✓ 33 shows matched for week 2025-01-05

Fetching week 2024-12-29...
  ✓ 33 shows matched for week 2024-12-29

Fetching week 2024-12-22...
  ✓ 34 shows matched for week 2024-12-22
  [Saved progress: 67 weeks]

Fetching week 2024-12-15...
  ✓ 36 shows matched for week 2024-12-15

Fetching week 2024-12-08...
  ✓ 37 shows matched for week 2024-12-08

Fetching week 2024-12-01...
  ✓ 38 shows matched for week 2024-12-01
  [Saved progress: 70 weeks]

Fetching week 2024-11-24...
  ✓ 39 shows matched for week 2024-11-24

Fetching week 2024-11-17...
  ✓ 37 shows matched for week 2024-11-17

Fetching week 2024-11-10...
  ✓ 37 shows matched for week 2024-11-10
  [Saved progress: 73 weeks]

Fetching week 2024-11-03...
  ✓ 36 shows matched for week 2024-11-03

Fetching week 2024-10-27...
  ✓ 36 shows matched for week 2024-10-27

Fetching week 2024-10-20...
  ✓ 35 shows matched for week 2024-10-20
  [Saved progress: 76 weeks]

Fetching week 2024-10-13...
  ✓ 32 shows matched for week 2024-10-13

Fetching week 2024-10-06...
  ✓ 32 shows matched for week 2024-10-06

Fetching week 2024-09-29...
  ✓ 32 shows matched for week 2024-09-29
  [Saved progress: 79 weeks]

Fetching week 2024-09-22...
  ✓ 29 shows matched for week 2024-09-22

Fetching week 2024-09-15...
  ✓ 28 shows matched for week 2024-09-15

Fetching week 2024-09-08...
  ✓ 26 shows matched for week 2024-09-08
  [Saved progress: 82 weeks]

Fetching week 2024-09-01...
  ✓ 25 shows matched for week 2024-09-01

Fetching week 2024-08-25...
  ✓ 24 shows matched for week 2024-08-25

Fetching week 2024-08-18...
  ✓ 25 shows matched for week 2024-08-18
  [Saved progress: 85 weeks]

Fetching week 2024-08-11...
  ✓ 26 shows matched for week 2024-08-11

Fetching week 2024-08-04...
  ✓ 26 shows matched for week 2024-08-04

Fetching week 2024-07-28...
  ✓ 25 shows matched for week 2024-07-28
  [Saved progress: 88 weeks]

Fetching week 2024-07-21...
  ✓ 27 shows matched for week 2024-07-21

Fetching week 2024-07-14...
  ✓ 26 shows matched for week 2024-07-14

Fetching week 2024-07-07...
  ✓ 27 shows matched for week 2024-07-07
  [Saved progress: 91 weeks]

Fetching week 2024-06-30...
  ✓ 30 shows matched for week 2024-06-30

Fetching week 2024-06-23...
  ✓ 32 shows matched for week 2024-06-23

Fetching week 2024-06-16...
  ✓ 34 shows matched for week 2024-06-16
  [Saved progress: 94 weeks]

Fetching week 2024-06-09...
  ✓ 34 shows matched for week 2024-06-09

Fetching week 2024-06-02...
  ✓ 34 shows matched for week 2024-06-02

Fetching week 2024-05-26...
  ✓ 34 shows matched for week 2024-05-26
  [Saved progress: 97 weeks]

Fetching week 2024-05-19...
  ✓ 35 shows matched for week 2024-05-19

Fetching week 2024-05-12...
  ✓ 34 shows matched for week 2024-05-12

Fetching week 2024-05-05...
  ✓ 35 shows matched for week 2024-05-05
  [Saved progress: 100 weeks]

Fetching week 2024-04-28...
  ✓ 36 shows matched for week 2024-04-28

Fetching week 2024-04-21...
  ✓ 36 shows matched for week 2024-04-21

Fetching week 2024-04-14...
  ✓ 36 shows matched for week 2024-04-14
  [Saved progress: 103 weeks]

Fetching week 2024-04-07...
  ✓ 37 shows matched for week 2024-04-07

Fetching week 2024-03-31...
  ✓ 32 shows matched for week 2024-03-31

Fetching week 2024-03-24...
  ✓ 26 shows matched for week 2024-03-24
  [Saved progress: 106 weeks]

Fetching week 2024-03-17...
  ✓ 25 shows matched for week 2024-03-17

Fetching week 2024-03-10...
  ✓ 24 shows matched for week 2024-03-10

Fetching week 2024-03-03...
  ✓ 25 shows matched for week 2024-03-03
  [Saved progress: 109 weeks]

Fetching week 2024-02-25...
  ✓ 24 shows matched for week 2024-02-25

Fetching week 2024-02-18...
  ✓ 23 shows matched for week 2024-02-18

Fetching week 2024-02-11...
  ✓ 24 shows matched for week 2024-02-11
  [Saved progress: 112 weeks]

Fetching week 2024-02-04...
  ✓ 25 shows matched for week 2024-02-04

Fetching week 2024-01-28...
  ✓ 25 shows matched for week 2024-01-28

Fetching week 2024-01-21...
  ✓ 25 shows matched for week 2024-01-21
  [Saved progress: 115 weeks]

Fetching week 2024-01-14...
  ✓ 26 shows matched for week 2024-01-14

Fetching week 2023-12-31...
  ✓ 27 shows matched for week 2023-12-31

Fetching week 2023-12-24...
  ✓ 27 shows matched for week 2023-12-24
  [Saved progress: 118 weeks]

Fetching week 2023-12-17...
  ✓ 26 shows matched for week 2023-12-17

Fetching week 2023-12-10...
  ✓ 26 shows matched for week 2023-12-10

Fetching week 2023-12-03...
  ✓ 26 shows matched for week 2023-12-03
  [Saved progress: 121 weeks]

Fetching week 2023-11-26...
  ✓ 26 shows matched for week 2023-11-26

Fetching week 2023-11-19...
  ✓ 28 shows matched for week 2023-11-19

Fetching week 2023-11-12...
  ✓ 27 shows matched for week 2023-11-12
  [Saved progress: 124 weeks]

Fetching week 2023-11-05...
  ✓ 27 shows matched for week 2023-11-05

Fetching week 2023-10-29...
  ✓ 27 shows matched for week 2023-10-29

Fetching week 2023-10-22...
  ✓ 27 shows matched for week 2023-10-22
  [Saved progress: 127 weeks]

Fetching week 2023-10-15...
  ✓ 26 shows matched for week 2023-10-15

Fetching week 2023-10-08...
  ✓ 25 shows matched for week 2023-10-08

Fetching week 2023-10-01...
  ✓ 25 shows matched for week 2023-10-01
  [Saved progress: 130 weeks]

Fetching week 2023-09-24...
  ✓ 25 shows matched for week 2023-09-24

Fetching week 2023-09-17...
  ✓ 24 shows matched for week 2023-09-17

Fetching week 2023-09-10...
  ✓ 22 shows matched for week 2023-09-10
  [Saved progress: 133 weeks]

Fetching week 2023-09-03...
  ✓ 23 shows matched for week 2023-09-03

Fetching week 2023-08-27...
  ✓ 24 shows matched for week 2023-08-27

Fetching week 2023-08-20...
  ✓ 25 shows matched for week 2023-08-20
  [Saved progress: 136 weeks]

Fetching week 2023-08-13...
  ✓ 25 shows matched for week 2023-08-13

Fetching week 2023-08-06...
  ✓ 26 shows matched for week 2023-08-06

Fetching week 2023-07-30...
  ✓ 28 shows matched for week 2023-07-30
  [Saved progress: 139 weeks]

Fetching week 2023-07-23...
  ✓ 30 shows matched for week 2023-07-23

Fetching week 2023-07-16...
  ✓ 30 shows matched for week 2023-07-16

Fetching week 2023-07-09...
  ✓ 30 shows matched for week 2023-07-09
  [Saved progress: 142 weeks]

Fetching week 2023-07-02...
  ✓ 33 shows matched for week 2023-07-02

Fetching week 2023-06-25...
  ✓ 32 shows matched for week 2023-06-25

Fetching week 2023-06-18...
  ✓ 32 shows matched for week 2023-06-18
  [Saved progress: 145 weeks]

Fetching week 2023-06-11...
  ✓ 33 shows matched for week 2023-06-11

Fetching week 2023-06-04...
  ✓ 34 shows matched for week 2023-06-04

Fetching week 2023-05-28...
  ✓ 34 shows matched for week 2023-05-28
  [Saved progress: 148 weeks]

Fetching week 2023-05-21...
  ✓ 34 shows matched for week 2023-05-21

Fetching week 2023-05-14...
  ✓ 35 shows matched for week 2023-05-14

Fetching week 2023-05-07...
  ✓ 34 shows matched for week 2023-05-07
  [Saved progress: 151 weeks]

Fetching week 2023-04-30...
  ✓ 35 shows matched for week 2023-04-30

Fetching week 2023-04-23...
  ✓ 33 shows matched for week 2023-04-23

Fetching week 2023-04-16...
  ✓ 34 shows matched for week 2023-04-16
  [Saved progress: 154 weeks]

Fetching week 2023-04-09...
  ✓ 33 shows matched for week 2023-04-09

Fetching week 2023-04-02...
  ✓ 31 shows matched for week 2023-04-02

Fetching week 2023-03-26...
  ✓ 31 shows matched for week 2023-03-26
  [Saved progress: 157 weeks]

Fetching week 2023-03-19...
  ✓ 29 shows matched for week 2023-03-19

Fetching week 2023-03-12...
  ✓ 27 shows matched for week 2023-03-12

Fetching week 2023-03-05...
  ✓ 24 shows matched for week 2023-03-05
  [Saved progress: 160 weeks]

Fetching week 2023-02-26...
  ✓ 23 shows matched for week 2023-02-26

Fetching week 2023-02-19...
  ✓ 22 shows matched for week 2023-02-19

Fetching week 2023-02-12...
  ✓ 21 shows matched for week 2023-02-12
  [Saved progress: 163 weeks]

Fetching week 2023-02-05...
  ✓ 22 shows matched for week 2023-02-05

Fetching week 2023-01-29...
  ✓ 23 shows matched for week 2023-01-29

Fetching week 2023-01-22...
  ✓ 23 shows matched for week 2023-01-22
  [Saved progress: 166 weeks]

Fetching week 2023-01-15...
  ✓ 28 shows matched for week 2023-01-15

Fetching week 2023-01-08...
  ✓ 31 shows matched for week 2023-01-08

Fetching week 2023-01-01...
  ✓ 32 shows matched for week 2023-01-01
  [Saved progress: 169 weeks]

Fetching week 2022-12-25...
  ✓ 32 shows matched for week 2022-12-25

Fetching week 2022-12-18...
  ✓ 33 shows matched for week 2022-12-18

Fetching week 2022-12-11...
  ✓ 34 shows matched for week 2022-12-11
  [Saved progress: 172 weeks]

Fetching week 2022-12-04...
  ✓ 34 shows matched for week 2022-12-04

Fetching week 2022-11-27...
  ✓ 32 shows matched for week 2022-11-27

Fetching week 2022-11-20...
  ✓ 33 shows matched for week 2022-11-20
  [Saved progress: 175 weeks]

Fetching week 2022-11-13...
  ✓ 33 shows matched for week 2022-11-13

Fetching week 2022-11-06...
  ✓ 31 shows matched for week 2022-11-06

Fetching week 2022-10-30...
  ✓ 30 shows matched for week 2022-10-30
  [Saved progress: 178 weeks]

Fetching week 2022-10-23...
  ✓ 27 shows matched for week 2022-10-23

Fetching week 2022-10-16...
  ✓ 26 shows matched for week 2022-10-16

Fetching week 2022-10-09...
  ✓ 24 shows matched for week 2022-10-09
  [Saved progress: 181 weeks]

Fetching week 2022-10-02...
  ✓ 24 shows matched for week 2022-10-02

Fetching week 2022-09-25...
  ✓ 24 shows matched for week 2022-09-25

Fetching week 2022-09-18...
  ✓ 24 shows matched for week 2022-09-18
  [Saved progress: 184 weeks]

Fetching week 2022-09-11...
  ✓ 19 shows matched for week 2022-09-11

Fetching week 2022-09-04...
  ✓ 21 shows matched for week 2022-09-04

Fetching week 2022-08-28...
  ✓ 21 shows matched for week 2022-08-28
  [Saved progress: 187 weeks]

Fetching week 2022-08-21...
  ✓ 20 shows matched for week 2022-08-21

Fetching week 2022-08-14...
  ✓ 22 shows matched for week 2022-08-14

Fetching week 2022-08-07...
  ✓ 22 shows matched for week 2022-08-07
  [Saved progress: 190 weeks]

Fetching week 2022-07-31...
  ✓ 23 shows matched for week 2022-07-31

Fetching week 2022-07-24...
  ✓ 24 shows matched for week 2022-07-24

Fetching week 2022-07-17...
  ✓ 25 shows matched for week 2022-07-17
  [Saved progress: 193 weeks]

Fetching week 2022-07-10...
  ✓ 28 shows matched for week 2022-07-10

Fetching week 2022-07-03...
  ✓ 27 shows matched for week 2022-07-03

Fetching week 2022-06-26...
  ✓ 26 shows matched for week 2022-06-26
  [Saved progress: 196 weeks]

Fetching week 2022-06-19...
  ✓ 28 shows matched for week 2022-06-19

Fetching week 2022-06-12...
  ✓ 30 shows matched for week 2022-06-12

Fetching week 2022-06-05...
  ✓ 30 shows matched for week 2022-06-05
  [Saved progress: 199 weeks]

Fetching week 2022-05-29...
  ✓ 34 shows matched for week 2022-05-29

Fetching week 2022-05-22...
  ✓ 34 shows matched for week 2022-05-22

Fetching week 2022-05-15...
  ✓ 34 shows matched for week 2022-05-15
  [Saved progress: 202 weeks]

Fetching week 2022-05-08...
  ✓ 35 shows matched for week 2022-05-08

Fetching week 2022-05-01...
  ✓ 35 shows matched for week 2022-05-01

Fetching week 2022-04-24...
  ✓ 34 shows matched for week 2022-04-24
  [Saved progress: 205 weeks]

Fetching week 2022-04-17...
  ✓ 33 shows matched for week 2022-04-17

Fetching week 2022-04-10...
  ✓ 30 shows matched for week 2022-04-10

Fetching week 2022-04-03...
  ✓ 29 shows matched for week 2022-04-03
  [Saved progress: 208 weeks]

Fetching week 2022-03-27...
  ✓ 22 shows matched for week 2022-03-27

Fetching week 2022-03-20...
  ✓ 20 shows matched for week 2022-03-20

Fetching week 2022-03-13...
  ✓ 18 shows matched for week 2022-03-13
  [Saved progress: 211 weeks]

Fetching week 2022-03-06...
  ✓ 17 shows matched for week 2022-03-06

Fetching week 2022-02-27...
  ✓ 17 shows matched for week 2022-02-27

Fetching week 2022-02-20...
  ✓ 17 shows matched for week 2022-02-20
  [Saved progress: 214 weeks]

Fetching week 2022-02-13...
  ✓ 17 shows matched for week 2022-02-13

Fetching week 2022-02-06...
  ✓ 17 shows matched for week 2022-02-06

Fetching week 2022-01-30...
  ✓ 17 shows matched for week 2022-01-30
  [Saved progress: 217 weeks]

Fetching week 2022-01-23...
  ✓ 19 shows matched for week 2022-01-23

Fetching week 2022-01-16...
  ✓ 23 shows matched for week 2022-01-16

Fetching week 2022-01-09...
  ✓ 25 shows matched for week 2022-01-09
  [Saved progress: 220 weeks]

Fetching week 2022-01-02...
  ✓ 27 shows matched for week 2022-01-02

Fetching week 2021-12-26...
  ✓ 19 shows matched for week 2021-12-26

Fetching week 2021-12-19...
  ✓ 28 shows matched for week 2021-12-19
  [Saved progress: 223 weeks]

Fetching week 2021-12-12...
  ✓ 29 shows matched for week 2021-12-12

Fetching week 2021-12-05...
  ✓ 27 shows matched for week 2021-12-05

Fetching week 2021-11-28...
  ✓ 30 shows matched for week 2021-11-28
  [Saved progress: 226 weeks]

Fetching week 2021-11-21...
  ✓ 29 shows matched for week 2021-11-21

Fetching week 2021-11-14...
  ✓ 28 shows matched for week 2021-11-14

Fetching week 2021-11-07...
  ✓ 27 shows matched for week 2021-11-07
  [Saved progress: 229 weeks]

Fetching week 2021-10-31...
  ✓ 24 shows matched for week 2021-10-31

Fetching week 2021-10-24...
  ✓ 23 shows matched for week 2021-10-24

Fetching week 2021-10-17...
  ✓ 20 shows matched for week 2021-10-17
  [Saved progress: 232 weeks]

Fetching week 2021-10-10...
  ✓ 18 shows matched for week 2021-10-10

Fetching week 2021-10-03...
  ✓ 17 shows matched for week 2021-10-03

Fetching week 2021-09-26...
  ✓ 14 shows matched for week 2021-09-26
  [Saved progress: 235 weeks]

Fetching week 2021-09-19...
  ✓ 9 shows matched for week 2021-09-19

Fetching week 2021-09-12...
  ✓ 3 shows matched for week 2021-09-12

Fetching week 2021-09-05...
  ✓ 3 shows matched for week 2021-09-05
  [Saved progress: 238 weeks]

Fetching week 2021-08-29...
  ✓ 1 shows matched for week 2021-08-29

Fetching week 2021-08-22...
  ✓ 1 shows matched for week 2021-08-22

Fetching week 2021-08-15...
  ✓ 1 shows matched for week 2021-08-15
  [Saved progress: 241 weeks]

Fetching week 2021-08-08...
  ✓ 1 shows matched for week 2021-08-08

Fetching week 2021-08-01...
  Retry 2/3 for week 2021-08-01...
  Retry 3/3 for week 2021-08-01...
  ✗ Failed for week 2021-08-01 after 3 attempts: page.waitForSelector: Timeout 20000ms exceeded.
Call log:
[2m  - waiting for locator('table tbody tr') to be visible[22m


Fetching week 2021-07-25...
  Retry 2/3 for week 2021-07-25...
  Retry 3/3 for week 2021-07-25...
  ✗ Failed for week 2021-07-25 after 3 attempts: page.waitForSelector: Timeout 20000ms exceeded.
Call log:
[2m  - waiting for locator('table tbody tr') to be visible[22m


Fetching week 2021-07-18...
  Retry 2/3 for week 2021-07-18...
  Retry 3/3 for week 2021-07-18...
  ✗ Failed for week 2021-07-18 after 3 attempts: page.waitForSelector: Timeout 20000ms exceeded.
Call log:
[2m  - waiting for locator('table tbody tr') to be visible[22m


Fetching week 2021-07-11...
  Retry 2/3 for week 2021-07-11...
  Retry 3/3 for week 2021-07-11...
  ✗ Failed for week 2021-07-11 after 3 attempts: page.waitForSelector: Timeout 20000ms exceeded.
Call log:
[2m  - waiting for locator('table tbody tr') to be visible[22m


Fetching week 2021-07-04...
  Retry 2/3 for week 2021-07-04...
  Retry 3/3 for week 2021-07-04...
  ✗ Failed for week 2021-07-04 after 3 attempts: page.waitForSelector: Timeout 20000ms exceeded.
Call log:
[2m  - waiting for locator('table tbody tr') to be visible[22m


Fetching week 2021-06-27...
  Retry 2/3 for week 2021-06-27...
  Retry 3/3 for week 2021-06-27...
  ✗ Failed for week 2021-06-27 after 3 attempts: page.waitForSelector: Timeout 20000ms exceeded.
Call log:
[2m  - waiting for locator('table tbody tr') to be visible[22m


Fetching week 2021-06-20...
  Retry 2/3 for week 2021-06-20...
  Retry 3/3 for week 2021-06-20...
  ✗ Failed for week 2021-06-20 after 3 attempts: page.waitForSelector: Timeout 20000ms exceeded.
Call log:
[2m  - waiting for locator('table tbody tr') to be visible[22m


Fetching week 2021-06-13...
  Retry 2/3 for week 2021-06-13...
  Retry 3/3 for week 2021-06-13...
  ✗ Failed for week 2021-06-13 after 3 attempts: page.waitForSelector: Timeout 20000ms exceeded.
Call log:
[2m  - waiting for locator('table tbody tr') to be visible[22m


Fetching week 2021-06-06...
  Retry 2/3 for week 2021-06-06...
  Retry 3/3 for week 2021-06-06...
  ✗ Failed for week 2021-06-06 after 3 attempts: page.waitForSelector: Timeout 20000ms exceeded.
Call log:
[2m  - waiting for locator('table tbody tr') to be visible[22m


Fetching week 2021-05-30...
  Retry 2/3 for week 2021-05-30...
  Retry 3/3 for week 2021-05-30...
  ✗ Failed for week 2021-05-30 after 3 attempts: page.waitForSelector: Timeout 20000ms exceeded.
Call log:
[2m  - waiting for locator('table tbody tr') to be visible[22m


Fetching week 2021-05-23...
  Retry 2/3 for week 2021-05-23...
  Retry 3/3 for week 2021-05-23...
  ✗ Failed for week 2021-05-23 after 3 attempts: page.waitForSelector: Timeout 20000ms exceeded.
Call log:
[2m  - waiting for locator('table tbody tr') to be visible[22m


Fetching week 2021-05-16...
  Retry 2/3 for week 2021-05-16...
  Retry 3/3 for week 2021-05-16...
  ✗ Failed for week 2021-05-16 after 3 attempts: page.waitForSelector: Timeout 20000ms exceeded.
Call log:
[2m  - waiting for locator('table tbody tr') to be visible[22m


Fetching week 2021-05-09...
  Retry 2/3 for week 2021-05-09...
  Retry 3/3 for week 2021-05-09...
  ✗ Failed for week 2021-05-09 after 3 attempts: page.waitForSelector: Timeout 20000ms exceeded.
Call log:
[2m  - waiting for locator('table tbody tr') to be visible[22m


Fetching week 2021-05-02...
  Retry 2/3 for week 2021-05-02...
  Retry 3/3 for week 2021-05-02...
  ✗ Failed for week 2021-05-02 after 3 attempts: page.waitForSelector: Timeout 20000ms exceeded.
Call log:
[2m  - waiting for locator('table tbody tr') to be visible[22m


Fetching week 2021-04-25...
  Retry 2/3 for week 2021-04-25...
  Retry 3/3 for week 2021-04-25...
  ✗ Failed for week 2021-04-25 after 3 attempts: page.waitForSelector: Timeout 20000ms exceeded.
Call log:
[2m  - waiting for locator('table tbody tr') to be visible[22m


Fetching week 2021-04-18...
  Retry 2/3 for week 2021-04-18...
  Retry 3/3 for week 2021-04-18...
  ✗ Failed for week 2021-04-18 after 3 attempts: page.waitForSelector: Timeout 20000ms exceeded.
Call log:
[2m  - waiting for locator('table tbody tr') to be visible[22m


Fetching week 2021-04-11...
  Retry 2/3 for week 2021-04-11...
  Retry 3/3 for week 2021-04-11...
  ✗ Failed for week 2021-04-11 after 3 attempts: page.waitForSelector: Timeout 20000ms exceeded.
Call log:
[2m  - waiting for locator('table tbody tr') to be visible[22m


Fetching week 2021-04-04...
  Retry 2/3 for week 2021-04-04...
  Retry 3/3 for week 2021-04-04...
  ✗ Failed for week 2021-04-04 after 3 attempts: page.waitForSelector: Timeout 20000ms exceeded.
Call log:
[2m  - waiting for locator('table tbody tr') to be visible[22m


Fetching week 2021-03-28...
  Retry 2/3 for week 2021-03-28...
  Retry 3/3 for week 2021-03-28...
  ✗ Failed for week 2021-03-28 after 3 attempts: page.waitForSelector: Timeout 20000ms exceeded.
Call log:
[2m  - waiting for locator('table tbody tr') to be visible[22m


Fetching week 2021-03-21...
  Retry 2/3 for week 2021-03-21...
  Retry 3/3 for week 2021-03-21...
  ✗ Failed for week 2021-03-21 after 3 attempts: page.waitForSelector: Timeout 20000ms exceeded.
Call log:
[2m  - waiting for locator('table tbody tr') to be visible[22m


Fetching week 2021-03-14...
  Retry 2/3 for week 2021-03-14...
  Retry 3/3 for week 2021-03-14...
  ✗ Failed for week 2021-03-14 after 3 attempts: page.waitForSelector: Timeout 20000ms exceeded.
Call log:
[2m  - waiting for locator('table tbody tr') to be visible[22m


Fetching week 2021-03-07...
  Retry 2/3 for week 2021-03-07...
  Retry 3/3 for week 2021-03-07...
  ✗ Failed for week 2021-03-07 after 3 attempts: page.waitForSelector: Timeout 20000ms exceeded.
Call log:
[2m  - waiting for locator('table tbody tr') to be visible[22m


Fetching week 2021-02-28...
  Retry 2/3 for week 2021-02-28...
  Retry 3/3 for week 2021-02-28...
  ✗ Failed for week 2021-02-28 after 3 attempts: page.waitForSelector: Timeout 20000ms exceeded.
Call log:
[2m  - waiting for locator('table tbody tr') to be visible[22m


Fetching week 2021-02-21...
  Retry 2/3 for week 2021-02-21...
  Retry 3/3 for week 2021-02-21...
  ✗ Failed for week 2021-02-21 after 3 attempts: page.waitForSelector: Timeout 20000ms exceeded.
Call log:
[2m  - waiting for locator('table tbody tr') to be visible[22m


Fetching week 2021-02-14...
  Retry 2/3 for week 2021-02-14...
  Retry 3/3 for week 2021-02-14...
  ✗ Failed for week 2021-02-14 after 3 attempts: page.waitForSelector: Timeout 20000ms exceeded.
Call log:
[2m  - waiting for locator('table tbody tr') to be visible[22m


Fetching week 2021-02-07...
  Retry 2/3 for week 2021-02-07...
  Retry 3/3 for week 2021-02-07...
  ✗ Failed for week 2021-02-07 after 3 attempts: page.waitForSelector: Timeout 20000ms exceeded.
Call log:
[2m  - waiting for locator('table tbody tr') to be visible[22m


Fetching week 2021-01-31...
  Retry 2/3 for week 2021-01-31...
  Retry 3/3 for week 2021-01-31...
  ✗ Failed for week 2021-01-31 after 3 attempts: page.waitForSelector: Timeout 20000ms exceeded.
Call log:
[2m  - waiting for locator('table tbody tr') to be visible[22m


Fetching week 2021-01-24...
  Retry 2/3 for week 2021-01-24...
  Retry 3/3 for week 2021-01-24...
  ✗ Failed for week 2021-01-24 after 3 attempts: page.waitForSelector: Timeout 20000ms exceeded.
Call log:
[2m  - waiting for locator('table tbody tr') to be visible[22m


Fetching week 2021-01-17...
  Retry 2/3 for week 2021-01-17...
  Retry 3/3 for week 2021-01-17...
  ✗ Failed for week 2021-01-17 after 3 attempts: page.waitForSelector: Timeout 20000ms exceeded.
Call log:
[2m  - waiting for locator('table tbody tr') to be visible[22m


Fetching week 2021-01-10...
  Retry 2/3 for week 2021-01-10...
  Retry 3/3 for week 2021-01-10...
  ✗ Failed for week 2021-01-10 after 3 attempts: page.waitForSelector: Timeout 20000ms exceeded.
Call log:
[2m  - waiting for locator('table tbody tr') to be visible[22m


Fetching week 2021-01-03...
  Retry 2/3 for week 2021-01-03...
  Retry 3/3 for week 2021-01-03...
  ✗ Failed for week 2021-01-03 after 3 attempts: page.waitForSelector: Timeout 20000ms exceeded.
Call log:
[2m  - waiting for locator('table tbody tr') to be visible[22m


Fetching week 2020-12-27...
  Retry 2/3 for week 2020-12-27...
  Retry 3/3 for week 2020-12-27...
  ✗ Failed for week 2020-12-27 after 3 attempts: page.waitForSelector: Timeout 20000ms exceeded.
Call log:
[2m  - waiting for locator('table tbody tr') to be visible[22m


Fetching week 2020-12-20...
  Retry 2/3 for week 2020-12-20...
  Retry 3/3 for week 2020-12-20...
  ✗ Failed for week 2020-12-20 after 3 attempts: page.waitForSelector: Timeout 20000ms exceeded.
Call log:
[2m  - waiting for locator('table tbody tr') to be visible[22m


Fetching week 2020-12-13...
  Retry 2/3 for week 2020-12-13...
  Retry 3/3 for week 2020-12-13...
  ✗ Failed for week 2020-12-13 after 3 attempts: page.waitForSelector: Timeout 20000ms exceeded.
Call log:
[2m  - waiting for locator('table tbody tr') to be visible[22m


Fetching week 2020-12-06...
Fatal error: browserContext.newPage: Target page, context or browser has been closed
    at backfillHistory (/Users/tompryor/Broadwayscore/scripts/backfill-grosses-history.ts:214:36)
  ✓ 28 shows matched for week 2020-03-08

Fetching week 2020-03-01...
  ✓ 27 shows matched for week 2020-03-01

Fetching week 2020-02-23...
  ✓ 25 shows matched for week 2020-02-23
  [Saved progress: 244 weeks]

Fetching week 2020-02-16...
  ✓ 25 shows matched for week 2020-02-16

Fetching week 2020-02-09...
  ✓ 24 shows matched for week 2020-02-09

Fetching week 2020-02-02...
  ✓ 23 shows matched for week 2020-02-02
  [Saved progress: 247 weeks]

Fetching week 2020-01-26...
  ✓ 23 shows matched for week 2020-01-26

Fetching week 2020-01-19...
  ✓ 25 shows matched for week 2020-01-19

Fetching week 2020-01-12...
  ✓ 26 shows matched for week 2020-01-12
  [Saved progress: 250 weeks]

Fetching week 2020-01-05...
  ✓ 31 shows matched for week 2020-01-05

Fetching week 2019-12-29...
  ✓ 30 shows matched for week 2019-12-29

Fetching week 2019-12-22...
  ✓ 28 shows matched for week 2019-12-22
  [Saved progress: 253 weeks]

Fetching week 2019-12-15...
  ✓ 28 shows matched for week 2019-12-15

Fetching week 2019-12-08...
  ✓ 29 shows matched for week 2019-12-08

Fetching week 2019-12-01...
  ✓ 30 shows matched for week 2019-12-01
  [Saved progress: 256 weeks]

Fetching week 2019-11-24...
  ✓ 30 shows matched for week 2019-11-24

Fetching week 2019-11-17...
  ✓ 30 shows matched for week 2019-11-17

Fetching week 2019-11-10...
  ✓ 31 shows matched for week 2019-11-10
  [Saved progress: 259 weeks]

Fetching week 2019-11-03...
  ✓ 30 shows matched for week 2019-11-03

Fetching week 2019-10-27...
  ✓ 30 shows matched for week 2019-10-27

Fetching week 2019-10-20...
  ✓ 30 shows matched for week 2019-10-20
  [Saved progress: 262 weeks]

Fetching week 2019-10-13...
  ✓ 30 shows matched for week 2019-10-13

Fetching week 2019-10-06...
  ✓ 30 shows matched for week 2019-10-06

Fetching week 2019-09-29...
  ✓ 31 shows matched for week 2019-09-29
  [Saved progress: 265 weeks]

Fetching week 2019-09-22...
  ✓ 30 shows matched for week 2019-09-22

Fetching week 2019-09-15...
  ✓ 27 shows matched for week 2019-09-15

Fetching week 2019-09-08...
  ✓ 23 shows matched for week 2019-09-08
  [Saved progress: 268 weeks]

Fetching week 2019-09-01...
  ✓ 23 shows matched for week 2019-09-01

Fetching week 2019-08-25...
  ✓ 24 shows matched for week 2019-08-25

Fetching week 2019-08-18...
  ✓ 28 shows matched for week 2019-08-18
  [Saved progress: 271 weeks]

Fetching week 2019-08-11...
  ✓ 28 shows matched for week 2019-08-11

Fetching week 2019-08-04...
  ✓ 29 shows matched for week 2019-08-04

Fetching week 2019-07-28...
  ✓ 30 shows matched for week 2019-07-28
  [Saved progress: 274 weeks]

Fetching week 2019-07-21...
  ✓ 29 shows matched for week 2019-07-21

Fetching week 2019-07-14...
  ✓ 30 shows matched for week 2019-07-14

Fetching week 2019-07-07...
  ✓ 33 shows matched for week 2019-07-07
  [Saved progress: 277 weeks]

Fetching week 2019-06-30...
  ✓ 35 shows matched for week 2019-06-30

Fetching week 2019-06-23...
  ✓ 35 shows matched for week 2019-06-23

Fetching week 2019-06-16...
  ✓ 35 shows matched for week 2019-06-16
  [Saved progress: 280 weeks]

Fetching week 2019-06-09...
  ✓ 36 shows matched for week 2019-06-09

Fetching week 2019-06-02...
  ✓ 37 shows matched for week 2019-06-02

Fetching week 2019-05-26...
  ✓ 37 shows matched for week 2019-05-26
  [Saved progress: 283 weeks]

Fetching week 2019-05-19...
  ✓ 37 shows matched for week 2019-05-19

Fetching week 2019-05-12...
  ✓ 38 shows matched for week 2019-05-12

Fetching week 2019-05-05...
  ✓ 36 shows matched for week 2019-05-05
  [Saved progress: 286 weeks]

Fetching week 2019-04-28...
  ✓ 36 shows matched for week 2019-04-28

Fetching week 2019-04-21...
  ✓ 36 shows matched for week 2019-04-21

Fetching week 2019-04-14...
  ✓ 36 shows matched for week 2019-04-14
  [Saved progress: 289 weeks]

Fetching week 2019-04-07...
  ✓ 38 shows matched for week 2019-04-07

Fetching week 2019-03-31...
  ✓ 37 shows matched for week 2019-03-31

Fetching week 2019-03-24...
  ✓ 35 shows matched for week 2019-03-24
  [Saved progress: 292 weeks]

Fetching week 2019-03-17...
  ✓ 34 shows matched for week 2019-03-17

Fetching week 2019-03-10...
  ✓ 31 shows matched for week 2019-03-10

Fetching week 2019-03-03...
  ✓ 31 shows matched for week 2019-03-03
  [Saved progress: 295 weeks]

Fetching week 2019-02-24...
  ✓ 29 shows matched for week 2019-02-24

Fetching week 2019-02-17...
  ✓ 29 shows matched for week 2019-02-17

Fetching week 2019-02-10...
  ✓ 27 shows matched for week 2019-02-10
  [Saved progress: 298 weeks]

Fetching week 2019-02-03...
  ✓ 27 shows matched for week 2019-02-03

Fetching week 2019-01-27...
  ✓ 29 shows matched for week 2019-01-27

Fetching week 2019-01-20...
  ✓ 31 shows matched for week 2019-01-20
  [Saved progress: 301 weeks]

=== Backfill Complete ===
Success: 60, Failed: 0
Total weeks in history: 301
Saved to /Users/tompryor/Broadwayscore/data/grosses-history.json
