Backfilling 313 weeks of grosses history from Playbill...
313 total weeks, 313 need backfill (0 already in history)

Fetching week 2025-01-05...
  ✓ 33 shows matched for week 2025-01-05

Fetching week 2024-12-29...
  ✓ 33 shows matched for week 2024-12-29

Fetching week 2024-12-22...
  ✓ 34 shows matched for week 2024-12-22
  [Saved progress: 66 weeks]

Fetching week 2024-12-15...
  ✓ 36 shows matched for week 2024-12-15

Fetching week 2024-12-08...
  ✓ 37 shows matched for week 2024-12-08

Fetching week 2024-12-01...
  ✓ 38 shows matched for week 2024-12-01
  [Saved progress: 69 weeks]

Fetching week 2024-11-24...
  ✓ 39 shows matched for week 2024-11-24

Fetching week 2024-11-17...
  ✓ 37 shows matched for week 2024-11-17

Fetching week 2024-11-10...
  ✓ 37 shows matched for week 2024-11-10
  [Saved progress: 72 weeks]

Fetching week 2024-11-03...
  ✓ 36 shows matched for week 2024-11-03

Fetching week 2024-10-27...
  ✓ 36 shows matched for week 2024-10-27

Fetching week 2024-10-20...
  ✓ 35 shows matched for week 2024-10-20
  [Saved progress: 75 weeks]

Fetching week 2024-10-13...
  ✓ 32 shows matched for week 2024-10-13

Fetching week 2024-10-06...
  ✓ 32 shows matched for week 2024-10-06

Fetching week 2024-09-29...
  ✓ 32 shows matched for week 2024-09-29
  [Saved progress: 78 weeks]

Fetching week 2024-09-22...
  ✓ 29 shows matched for week 2024-09-22

Fetching week 2024-09-15...
  ✓ 28 shows matched for week 2024-09-15

Fetching week 2024-09-08...
  ✓ 26 shows matched for week 2024-09-08
  [Saved progress: 81 weeks]

Fetching week 2024-09-01...
  ✓ 25 shows matched for week 2024-09-01

Fetching week 2024-08-25...
  ✓ 24 shows matched for week 2024-08-25

Fetching week 2024-08-18...
  ✓ 25 shows matched for week 2024-08-18
  [Saved progress: 84 weeks]

Fetching week 2024-08-11...
  ✓ 26 shows matched for week 2024-08-11

Fetching week 2024-08-04...
  ✓ 26 shows matched for week 2024-08-04

Fetching week 2024-07-28...
  ✓ 25 shows matched for week 2024-07-28
  [Saved progress: 87 weeks]

Fetching week 2024-07-21...
  ✓ 27 shows matched for week 2024-07-21

Fetching week 2024-07-14...
  ✓ 26 shows matched for week 2024-07-14

Fetching week 2024-07-07...
  ✓ 27 shows matched for week 2024-07-07
  [Saved progress: 90 weeks]

Fetching week 2024-06-30...
  ✓ 30 shows matched for week 2024-06-30

Fetching week 2024-06-23...
  ✓ 32 shows matched for week 2024-06-23

Fetching week 2024-06-16...
  ✓ 34 shows matched for week 2024-06-16
  [Saved progress: 93 weeks]

Fetching week 2024-06-09...
  ✓ 34 shows matched for week 2024-06-09

Fetching week 2024-06-02...
  ✓ 34 shows matched for week 2024-06-02

Fetching week 2024-05-26...
  ✓ 34 shows matched for week 2024-05-26
  [Saved progress: 96 weeks]

Fetching week 2024-05-19...
  ✓ 35 shows matched for week 2024-05-19

Fetching week 2024-05-12...
  ✓ 34 shows matched for week 2024-05-12

Fetching week 2024-05-05...
  ✓ 35 shows matched for week 2024-05-05
  [Saved progress: 99 weeks]

Fetching week 2024-04-28...
  ✓ 36 shows matched for week 2024-04-28

Fetching week 2024-04-21...
  ✓ 36 shows matched for week 2024-04-21

Fetching week 2024-04-14...
  ✓ 36 shows matched for week 2024-04-14
  [Saved progress: 102 weeks]

Fetching week 2024-04-07...
  ✓ 37 shows matched for week 2024-04-07

Fetching week 2024-03-31...
  ✓ 32 shows matched for week 2024-03-31

Fetching week 2024-03-24...
  ✓ 26 shows matched for week 2024-03-24
  [Saved progress: 105 weeks]

Fetching week 2024-03-17...
  ✓ 25 shows matched for week 2024-03-17

Fetching week 2024-03-10...
  ✓ 24 shows matched for week 2024-03-10

Fetching week 2024-03-03...
  ✓ 25 shows matched for week 2024-03-03
  [Saved progress: 108 weeks]

Fetching week 2024-02-25...
  ✓ 24 shows matched for week 2024-02-25

Fetching week 2024-02-18...
  ✓ 23 shows matched for week 2024-02-18

Fetching week 2024-02-11...
  ✓ 24 shows matched for week 2024-02-11
  [Saved progress: 111 weeks]

Fetching week 2024-02-04...
  ✓ 25 shows matched for week 2024-02-04

Fetching week 2024-01-28...
  ✓ 25 shows matched for week 2024-01-28

Fetching week 2024-01-21...
  ✓ 25 shows matched for week 2024-01-21
  [Saved progress: 114 weeks]

Fetching week 2024-01-14...
  ✓ 26 shows matched for week 2024-01-14

Fetching week 2024-01-07...
  ✓ 26 shows matched for week 2024-01-07

Fetching week 2023-12-31...
  ✓ 27 shows matched for week 2023-12-31
  [Saved progress: 117 weeks]

Fetching week 2023-12-24...
  ✓ 27 shows matched for week 2023-12-24

Fetching week 2023-12-17...
  ✓ 26 shows matched for week 2023-12-17

Fetching week 2023-12-10...
  ✓ 26 shows matched for week 2023-12-10
  [Saved progress: 120 weeks]

Fetching week 2023-12-03...
  ✓ 26 shows matched for week 2023-12-03

Fetching week 2023-11-26...
  ✓ 26 shows matched for week 2023-11-26

Fetching week 2023-11-19...
  ✓ 28 shows matched for week 2023-11-19
  [Saved progress: 123 weeks]

Fetching week 2023-11-12...
  ✓ 27 shows matched for week 2023-11-12

Fetching week 2023-11-05...
  ✓ 27 shows matched for week 2023-11-05

Fetching week 2023-10-29...
  ✓ 27 shows matched for week 2023-10-29
  [Saved progress: 126 weeks]

Fetching week 2023-10-22...
  ✓ 27 shows matched for week 2023-10-22

Fetching week 2023-10-15...
  ✓ 26 shows matched for week 2023-10-15

Fetching week 2023-10-08...
  ✓ 25 shows matched for week 2023-10-08
  [Saved progress: 129 weeks]

Fetching week 2023-10-01...
  ✓ 25 shows matched for week 2023-10-01

Fetching week 2023-09-24...
  ✓ 25 shows matched for week 2023-09-24

Fetching week 2023-09-17...
  ✓ 24 shows matched for week 2023-09-17
  [Saved progress: 132 weeks]

Fetching week 2023-09-10...
  ✓ 22 shows matched for week 2023-09-10

Fetching week 2023-09-03...
  ✓ 23 shows matched for week 2023-09-03

Fetching week 2023-08-27...
  ✓ 24 shows matched for week 2023-08-27
  [Saved progress: 135 weeks]

Fetching week 2023-08-20...
  ✓ 25 shows matched for week 2023-08-20

Fetching week 2023-08-13...
  ✓ 25 shows matched for week 2023-08-13

Fetching week 2023-08-06...
  ✓ 26 shows matched for week 2023-08-06
  [Saved progress: 138 weeks]

Fetching week 2023-07-30...
  ✓ 28 shows matched for week 2023-07-30

Fetching week 2023-07-23...
  ✓ 30 shows matched for week 2023-07-23

Fetching week 2023-07-16...
  ✓ 30 shows matched for week 2023-07-16
  [Saved progress: 141 weeks]

Fetching week 2023-07-09...
  ✓ 30 shows matched for week 2023-07-09

Fetching week 2023-07-02...
  ✓ 33 shows matched for week 2023-07-02

Fetching week 2023-06-25...
  ✓ 32 shows matched for week 2023-06-25
  [Saved progress: 144 weeks]

Fetching week 2023-06-18...
  ✓ 32 shows matched for week 2023-06-18

Fetching week 2023-06-11...
  ✓ 33 shows matched for week 2023-06-11

Fetching week 2023-06-04...
  ✓ 34 shows matched for week 2023-06-04
  [Saved progress: 147 weeks]

Fetching week 2023-05-28...
  ✓ 34 shows matched for week 2023-05-28

Fetching week 2023-05-21...
  ✓ 34 shows matched for week 2023-05-21

Fetching week 2023-05-14...
  ✓ 35 shows matched for week 2023-05-14
  [Saved progress: 150 weeks]

Fetching week 2023-05-07...
  ✓ 34 shows matched for week 2023-05-07

Fetching week 2023-04-30...
  ✓ 35 shows matched for week 2023-04-30

Fetching week 2023-04-23...
  ✓ 33 shows matched for week 2023-04-23
  [Saved progress: 153 weeks]

Fetching week 2023-04-16...
  ✓ 34 shows matched for week 2023-04-16

Fetching week 2023-04-09...
  ✓ 33 shows matched for week 2023-04-09

Fetching week 2023-04-02...
  ✓ 31 shows matched for week 2023-04-02
  [Saved progress: 156 weeks]

Fetching week 2023-03-26...
  ✓ 31 shows matched for week 2023-03-26

Fetching week 2023-03-19...
  ✓ 29 shows matched for week 2023-03-19

Fetching week 2023-03-12...
  ✓ 27 shows matched for week 2023-03-12
  [Saved progress: 159 weeks]

Fetching week 2023-03-05...
  ✓ 24 shows matched for week 2023-03-05

Fetching week 2023-02-26...
  ✓ 23 shows matched for week 2023-02-26

Fetching week 2023-02-19...
  ✓ 22 shows matched for week 2023-02-19
  [Saved progress: 162 weeks]

Fetching week 2023-02-12...
  ✓ 21 shows matched for week 2023-02-12

Fetching week 2023-02-05...
  ✓ 22 shows matched for week 2023-02-05

Fetching week 2023-01-29...
  ✓ 23 shows matched for week 2023-01-29
  [Saved progress: 165 weeks]

Fetching week 2023-01-22...
  ✓ 23 shows matched for week 2023-01-22

Fetching week 2023-01-15...
  ✓ 28 shows matched for week 2023-01-15

Fetching week 2023-01-08...
  ✓ 31 shows matched for week 2023-01-08
  [Saved progress: 168 weeks]

Fetching week 2023-01-01...
  ✓ 32 shows matched for week 2023-01-01

Fetching week 2022-12-25...
  ✓ 32 shows matched for week 2022-12-25

Fetching week 2022-12-18...
  ✓ 33 shows matched for week 2022-12-18
  [Saved progress: 171 weeks]

Fetching week 2022-12-11...
  ✓ 34 shows matched for week 2022-12-11

Fetching week 2022-12-04...
  ✓ 34 shows matched for week 2022-12-04

Fetching week 2022-11-27...
  ✓ 32 shows matched for week 2022-11-27
  [Saved progress: 174 weeks]

Fetching week 2022-11-20...
  ✓ 33 shows matched for week 2022-11-20

Fetching week 2022-11-13...
  ✓ 33 shows matched for week 2022-11-13

Fetching week 2022-11-06...
  ✓ 31 shows matched for week 2022-11-06
  [Saved progress: 177 weeks]

Fetching week 2022-10-30...
  ✓ 30 shows matched for week 2022-10-30

Fetching week 2022-10-23...
  ✓ 27 shows matched for week 2022-10-23

Fetching week 2022-10-16...
  ✓ 26 shows matched for week 2022-10-16
  [Saved progress: 180 weeks]

Fetching week 2022-10-09...
  ✓ 24 shows matched for week 2022-10-09

Fetching week 2022-10-02...
  ✓ 24 shows matched for week 2022-10-02

Fetching week 2022-09-25...
  ✓ 24 shows matched for week 2022-09-25
  [Saved progress: 183 weeks]

Fetching week 2022-09-18...
  ✓ 24 shows matched for week 2022-09-18

Fetching week 2022-09-11...
  ✓ 19 shows matched for week 2022-09-11

Fetching week 2022-09-04...
  ✓ 21 shows matched for week 2022-09-04
  [Saved progress: 186 weeks]

Fetching week 2022-08-28...
  ✓ 21 shows matched for week 2022-08-28

Fetching week 2022-08-21...
  ✓ 20 shows matched for week 2022-08-21

Fetching week 2022-08-14...
  ✓ 22 shows matched for week 2022-08-14
  [Saved progress: 189 weeks]

Fetching week 2022-08-07...
  ✓ 22 shows matched for week 2022-08-07

Fetching week 2022-07-31...
  ✓ 23 shows matched for week 2022-07-31

Fetching week 2022-07-24...
  ✓ 24 shows matched for week 2022-07-24
  [Saved progress: 192 weeks]

Fetching week 2022-07-17...
  ✓ 25 shows matched for week 2022-07-17

Fetching week 2022-07-10...
  ✓ 28 shows matched for week 2022-07-10

Fetching week 2022-07-03...
  ✓ 27 shows matched for week 2022-07-03
  [Saved progress: 195 weeks]

Fetching week 2022-06-26...
  ✓ 26 shows matched for week 2022-06-26

Fetching week 2022-06-19...
  ✓ 28 shows matched for week 2022-06-19

Fetching week 2022-06-12...
  ✓ 30 shows matched for week 2022-06-12
  [Saved progress: 198 weeks]

Fetching week 2022-06-05...
  ✓ 30 shows matched for week 2022-06-05

Fetching week 2022-05-29...
  ✓ 34 shows matched for week 2022-05-29

Fetching week 2022-05-22...
  ✓ 34 shows matched for week 2022-05-22
  [Saved progress: 201 weeks]

Fetching week 2022-05-15...
  ✓ 34 shows matched for week 2022-05-15

Fetching week 2022-05-08...
  ✓ 35 shows matched for week 2022-05-08

Fetching week 2022-05-01...
  ✓ 35 shows matched for week 2022-05-01
  [Saved progress: 204 weeks]

Fetching week 2022-04-24...
  ✓ 34 shows matched for week 2022-04-24

Fetching week 2022-04-17...
  ✓ 33 shows matched for week 2022-04-17

Fetching week 2022-04-10...
  ✓ 30 shows matched for week 2022-04-10
  [Saved progress: 207 weeks]

Fetching week 2022-04-03...
  ✓ 29 shows matched for week 2022-04-03

Fetching week 2022-03-27...
  ✓ 22 shows matched for week 2022-03-27

Fetching week 2022-03-20...
  ✓ 20 shows matched for week 2022-03-20
  [Saved progress: 210 weeks]

Fetching week 2022-03-13...
  ✓ 18 shows matched for week 2022-03-13

Fetching week 2022-03-06...
  ✓ 17 shows matched for week 2022-03-06

Fetching week 2022-02-27...
  ✓ 17 shows matched for week 2022-02-27
  [Saved progress: 213 weeks]

Fetching week 2022-02-20...
  ✓ 17 shows matched for week 2022-02-20

Fetching week 2022-02-13...
  ✓ 17 shows matched for week 2022-02-13

Fetching week 2022-02-06...
  ✓ 17 shows matched for week 2022-02-06
  [Saved progress: 216 weeks]

Fetching week 2022-01-30...
  ✓ 17 shows matched for week 2022-01-30

Fetching week 2022-01-23...
  ✓ 19 shows matched for week 2022-01-23

Fetching week 2022-01-16...
  ✓ 23 shows matched for week 2022-01-16
  [Saved progress: 219 weeks]

Fetching week 2022-01-09...
  ✓ 25 shows matched for week 2022-01-09

Fetching week 2022-01-02...
  ✓ 27 shows matched for week 2022-01-02

Fetching week 2021-12-26...
  ✓ 19 shows matched for week 2021-12-26
  [Saved progress: 222 weeks]

Fetching week 2021-12-19...
  ✓ 28 shows matched for week 2021-12-19

Fetching week 2021-12-12...
  ✓ 29 shows matched for week 2021-12-12

Fetching week 2021-12-05...
  ✓ 27 shows matched for week 2021-12-05
  [Saved progress: 225 weeks]

Fetching week 2021-11-28...
  ✓ 30 shows matched for week 2021-11-28

Fetching week 2021-11-21...
  ✓ 29 shows matched for week 2021-11-21

Fetching week 2021-11-14...
  ✓ 28 shows matched for week 2021-11-14
  [Saved progress: 228 weeks]

Fetching week 2021-11-07...
  ✓ 27 shows matched for week 2021-11-07

Fetching week 2021-10-31...
  ✓ 24 shows matched for week 2021-10-31

Fetching week 2021-10-24...
  ✓ 23 shows matched for week 2021-10-24
  [Saved progress: 231 weeks]

Fetching week 2021-10-17...
  ✓ 20 shows matched for week 2021-10-17

Fetching week 2021-10-10...
  ✓ 18 shows matched for week 2021-10-10

Fetching week 2021-10-03...
  ✓ 17 shows matched for week 2021-10-03
  [Saved progress: 234 weeks]

Fetching week 2021-09-26...
  ✓ 14 shows matched for week 2021-09-26

Fetching week 2021-09-19...
  ✓ 9 shows matched for week 2021-09-19

Fetching week 2021-09-12...
  ✓ 3 shows matched for week 2021-09-12
  [Saved progress: 237 weeks]

Fetching week 2021-09-05...
  ✓ 3 shows matched for week 2021-09-05

Fetching week 2021-08-29...
  ✓ 1 shows matched for week 2021-08-29

Fetching week 2021-08-22...
  ✓ 1 shows matched for week 2021-08-22
  [Saved progress: 240 weeks]

Fetching week 2021-08-15...
  ✓ 1 shows matched for week 2021-08-15

Fetching week 2021-08-08...
  ✓ 1 shows matched for week 2021-08-08

Fetching week 2021-08-01...
  Retry 2/3 for week 2021-08-01...
  Retry 3/3 for week 2021-08-01...
  ✗ Failed for week 2021-08-01 after 3 attempts: page.waitForSelector: Timeout 20000ms exceeded.
Call log:
[2m  - waiting for locator('table tbody tr') to be visible[22m


Fetching week 2021-07-25...
  Retry 2/3 for week 2021-07-25...
  Retry 3/3 for week 2021-07-25...
  ✗ Failed for week 2021-07-25 after 3 attempts: page.waitForSelector: Timeout 20000ms exceeded.
Call log:
[2m  - waiting for locator('table tbody tr') to be visible[22m


Fetching week 2021-07-18...
  Retry 2/3 for week 2021-07-18...
  Retry 3/3 for week 2021-07-18...
  ✗ Failed for week 2021-07-18 after 3 attempts: page.waitForSelector: Timeout 20000ms exceeded.
Call log:
[2m  - waiting for locator('table tbody tr') to be visible[22m


Fetching week 2021-07-11...
  Retry 2/3 for week 2021-07-11...
  Retry 3/3 for week 2021-07-11...
  ✗ Failed for week 2021-07-11 after 3 attempts: page.waitForSelector: Timeout 20000ms exceeded.
Call log:
[2m  - waiting for locator('table tbody tr') to be visible[22m


Fetching week 2021-07-04...
  Retry 2/3 for week 2021-07-04...
  Retry 3/3 for week 2021-07-04...
  ✗ Failed for week 2021-07-04 after 3 attempts: page.waitForSelector: Timeout 20000ms exceeded.
Call log:
[2m  - waiting for locator('table tbody tr') to be visible[22m


Fetching week 2021-06-27...
  Retry 2/3 for week 2021-06-27...
  Retry 3/3 for week 2021-06-27...
  ✗ Failed for week 2021-06-27 after 3 attempts: page.waitForSelector: Timeout 20000ms exceeded.
Call log:
[2m  - waiting for locator('table tbody tr') to be visible[22m


Fetching week 2021-06-20...
  Retry 2/3 for week 2021-06-20...
  Retry 3/3 for week 2021-06-20...
  ✗ Failed for week 2021-06-20 after 3 attempts: page.waitForSelector: Timeout 20000ms exceeded.
Call log:
[2m  - waiting for locator('table tbody tr') to be visible[22m


Fetching week 2021-06-13...
  Retry 2/3 for week 2021-06-13...
  Retry 3/3 for week 2021-06-13...
  ✗ Failed for week 2021-06-13 after 3 attempts: page.waitForSelector: Target page, context or browser has been closed
Call log:
[2m  - waiting for locator('table tbody tr') to be visible[22m

