[2026-08-02 23:38:55] === driver tick (today=2026-08-02) ===
[2026-08-02 23:38:55] state: S3=#856:pending V1=#867:pending V2=#868:pending V3=#869:pending
[2026-08-02 23:38:55] S3 waiting for 2026-08-04 pacing window
[2026-08-02 23:38:55] === tick done ===
[2026-08-02 23:39:20] === driver tick (today=2026-08-02) ===
[2026-08-02 23:39:21] state: S3=#856:pending V1=#867:pending V2=#868:pending V3=#869:pending
[2026-08-02 23:39:21] S3 waiting for 2026-08-03 pacing window
[2026-08-02 23:39:21] === tick done ===
[2026-08-31 15:30:03] === driver tick (today=2026-08-31) ===
[2026-08-31 15:30:03] state: S3=#856: V1=#867: V2=#868: V3=#869:
[2026-08-31 15:30:03] === tick done ===
[2026-09-01 09:30:04] === driver tick (today=2026-09-01) ===
[2026-09-01 09:30:04] state: S3=#856: V1=#867: V2=#868: V3=#869:
[2026-09-01 09:30:04] === tick done ===
[2026-09-01 15:30:02] === driver tick (today=2026-09-01) ===
[2026-09-01 15:30:02] state: S3=#856: V1=#867: V2=#868: V3=#869:
[2026-09-01 15:30:02] === tick done ===
[2026-09-02 09:30:05] === driver tick (today=2026-09-02) ===
[2026-09-02 09:30:05] state: S3=#856: V1=#867: V2=#868: V3=#869:
[2026-09-02 09:30:05] === tick done ===
[2026-09-02 15:30:03] === driver tick (today=2026-09-02) ===
[2026-09-02 15:30:03] state: S3=#856: V1=#867: V2=#868: V3=#869:
[2026-09-02 15:30:03] === tick done ===
[2026-09-03 09:30:04] === driver tick (today=2026-09-03) ===
[2026-09-03 09:30:04] state: S3=#856: V1=#867: V2=#868: V3=#869:
[2026-09-03 09:30:04] === tick done ===
[2026-09-03 15:30:02] === driver tick (today=2026-09-03) ===
[2026-09-03 15:30:02] state: S3=#856: V1=#867: V2=#868: V3=#869:
[2026-09-03 15:30:02] === tick done ===
[2026-09-04 09:30:04] === driver tick (today=2026-09-04) ===
[2026-09-04 09:30:04] state: S3=#856: V1=#867: V2=#868: V3=#869:
[2026-09-04 09:30:04] === tick done ===
[2026-09-04 15:30:00] === driver tick (today=2026-09-04) ===
[2026-09-04 15:30:00] state: S3=#856: V1=#867: V2=#868: V3=#869:
[2026-09-04 15:30:00] === tick done ===
[2026-09-05 09:30:05] === driver tick (today=2026-09-05) ===
[2026-09-05 09:30:05] state: S3=#856: V1=#867: V2=#868: V3=#869:
[2026-09-05 09:30:05] === tick done ===
