verify-merge-landed: worktree-668-merge-verify-race -> main still reachable from origin/main (compare status: ahead) at +120s
verify-merge-landed: worktree-668-merge-verify-race -> main still reachable from origin/main (compare status: ahead) at +480s
verify-merge-landed: worktree-668-merge-verify-race -> main still reachable from origin/main (compare status: ahead) at +900s
verify-merge-landed: worktree-668-merge-verify-race -> main survived all 3 delayed check(s) — done
verify-merge-landed: worktree-fix-679-help-flag-guard -> main still reachable from origin/main (compare status: identical) at +120s
verify-merge-landed: worktree-fix-679-help-flag-guard -> main still reachable from origin/main (compare status: ahead) at +480s
verify-merge-landed: worktree-fix-679-help-flag-guard -> main still reachable from origin/main (compare status: ahead) at +900s
verify-merge-landed: worktree-fix-679-help-flag-guard -> main survived all 3 delayed check(s) — done
verify-merge-landed: worktree-freshness-report-consumer -> main still reachable from origin/main (compare status: ahead) at +120s
verify-merge-landed: push-ledger-ci-verify -> main (task #677) still reachable from origin/main (compare status: ahead) at +120s
verify-merge-landed: worktree-freshness-report-consumer -> main still reachable from origin/main (compare status: ahead) at +120s
verify-merge-landed: worktree-687-reset-soft-lint-guard -> main still reachable from origin/main (compare status: ahead) at +120s
verify-merge-landed: worktree-freshness-report-consumer -> main still reachable from origin/main (compare status: ahead) at +480s
verify-merge-landed: push-ledger-ci-verify -> main (task #677) still reachable from origin/main (compare status: ahead) at +480s
verify-merge-landed: worktree-freshness-report-consumer -> main still reachable from origin/main (compare status: ahead) at +480s
verify-merge-landed: worktree-687-reset-soft-lint-guard -> main still reachable from origin/main (compare status: ahead) at +480s
verify-merge-landed: push-ledger recovery -> main (task #677 incident) still reachable from origin/main (compare status: ahead) at +120s
verify-merge-landed: push-ledger recovery -> main (task #677 incident) still reachable from origin/main (compare status: ahead) at +480s
verify-merge-landed: worktree-freshness-report-consumer -> main still reachable from origin/main (compare status: ahead) at +900s
verify-merge-landed: worktree-freshness-report-consumer -> main survived all 3 delayed check(s) — done
verify-merge-landed: push-ledger-ci-verify -> main (task #677) still reachable from origin/main (compare status: ahead) at +900s
verify-merge-landed: push-ledger-ci-verify -> main (task #677) survived all 3 delayed check(s) — done
verify-merge-landed: worktree-freshness-report-consumer -> main still reachable from origin/main (compare status: ahead) at +900s
verify-merge-landed: worktree-freshness-report-consumer -> main survived all 3 delayed check(s) — done
verify-merge-landed: worktree-687-reset-soft-lint-guard -> main still reachable from origin/main (compare status: ahead) at +900s
verify-merge-landed: worktree-687-reset-soft-lint-guard -> main survived all 3 delayed check(s) — done
verify-merge-landed: push-ledger recovery -> main (task #677 incident) still reachable from origin/main (compare status: ahead) at +900s
verify-merge-landed: push-ledger recovery -> main (task #677 incident) survived all 3 delayed check(s) — done
verify-merge-landed: worktree-shadow-slice-669-followup -> main still reachable from origin/main (compare status: identical) at +120s
verify-merge-landed: worktree-shadow-slice-669-followup -> main still reachable from origin/main (compare status: ahead) at +480s
verify-merge-landed: worktree-shadow-slice-669-followup -> main still reachable from origin/main (compare status: ahead) at +900s
verify-merge-landed: worktree-shadow-slice-669-followup -> main survived all 3 delayed check(s) — done
verify-merge-landed: action-e097b8705cd8 -> main still reachable from origin/main (compare status: ahead) at +120s
verify-merge-landed: action-e097b8705cd8 -> main still reachable from origin/main (compare status: ahead) at +480s
verify-merge-landed: action-e097b8705cd8 -> main still reachable from origin/main (compare status: ahead) at +900s
verify-merge-landed: action-e097b8705cd8 -> main survived all 3 delayed check(s) — done
verify-merge-landed: worktree-gin-game-image-fix -> main still reachable from origin/main (compare status: ahead) at +120s
verify-merge-landed: worktree-gin-game-image-fix -> main still reachable from origin/main (compare status: ahead) at +480s
verify-merge-landed: worktree-gin-game-image-fix -> main still reachable from origin/main (compare status: ahead) at +900s
verify-merge-landed: worktree-gin-game-image-fix -> main survived all 3 delayed check(s) — done
verify-merge-landed: worktree-space-dogs-we-discovery-gap -> main still reachable from origin/main (compare status: ahead) at +120s
verify-merge-landed: worktree-space-dogs-we-discovery-gap -> main still reachable from origin/main (compare status: ahead) at +120s
verify-merge-landed: worktree-space-dogs-we-discovery-gap -> main still reachable from origin/main (compare status: ahead) at +480s
verify-merge-landed: worktree-space-dogs-we-discovery-gap -> main still reachable from origin/main (compare status: ahead) at +480s
verify-merge-landed: worktree-space-dogs-we-discovery-gap -> main still reachable from origin/main (compare status: ahead) at +900s
verify-merge-landed: worktree-space-dogs-we-discovery-gap -> main survived all 3 delayed check(s) — done
verify-merge-landed: worktree-space-dogs-we-discovery-gap -> main still reachable from origin/main (compare status: ahead) at +900s
verify-merge-landed: worktree-space-dogs-we-discovery-gap -> main survived all 3 delayed check(s) — done
verify-merge-landed: worktree-space-dogs-we-discovery-gap -> main still reachable from origin/main (compare status: ahead) at +120s
verify-merge-landed: worktree-space-dogs-we-discovery-gap -> main still reachable from origin/main (compare status: ahead) at +480s
verify-merge-landed: worktree-space-dogs-we-discovery-gap -> main still reachable from origin/main (compare status: ahead) at +900s
verify-merge-landed: worktree-space-dogs-we-discovery-gap -> main survived all 3 delayed check(s) — done
verify-merge-landed: worktree-g5-execution-gate-fixes -> main still reachable from origin/main (compare status: ahead) at +120s
verify-merge-landed: worktree-homepage-pills-3a4637c5 -> main still reachable from origin/main (compare status: ahead) at +120s
verify-merge-landed: worktree-homepage-pills-3a4637c5 -> main still reachable from origin/main (compare status: ahead) at +120s
verify-merge-landed: worktree-g5-execution-gate-fixes -> main still reachable from origin/main (compare status: ahead) at +480s
verify-merge-landed: worktree-homepage-pills-3a4637c5 -> main still reachable from origin/main (compare status: ahead) at +480s
verify-merge-landed: worktree-homepage-pills-3a4637c5 -> main still reachable from origin/main (compare status: ahead) at +480s
verify-merge-landed: worktree-homepage-pills-3a4637c5 -> main still reachable from origin/main (compare status: ahead) at +120s
verify-merge-landed: worktree-g5-execution-gate-fixes -> main still reachable from origin/main (compare status: ahead) at +900s
verify-merge-landed: worktree-g5-execution-gate-fixes -> main survived all 3 delayed check(s) — done
verify-merge-landed: worktree-homepage-pills-3a4637c5 -> main still reachable from origin/main (compare status: ahead) at +480s
verify-merge-landed: worktree-homepage-pills-3a4637c5 -> main still reachable from origin/main (compare status: ahead) at +900s
verify-merge-landed: worktree-homepage-pills-3a4637c5 -> main survived all 3 delayed check(s) — done
verify-merge-landed: worktree-homepage-pills-3a4637c5 -> main still reachable from origin/main (compare status: ahead) at +900s
verify-merge-landed: worktree-homepage-pills-3a4637c5 -> main survived all 3 delayed check(s) — done
verify-merge-landed: worktree-homepage-pills-3a4637c5 -> main still reachable from origin/main (compare status: ahead) at +900s
verify-merge-landed: worktree-homepage-pills-3a4637c5 -> main survived all 3 delayed check(s) — done
verify-merge-landed: worktree-probe-url-tests -> main still reachable from origin/main (compare status: identical) at +120s
verify-merge-landed: worktree-probe-url-tests -> main still reachable from origin/main (compare status: ahead) at +480s
verify-merge-landed: worktree-probe-url-tests -> main still reachable from origin/main (compare status: ahead) at +900s
verify-merge-landed: worktree-probe-url-tests -> main survived all 3 delayed check(s) — done
verify-merge-landed: worktree-space-dogs-we-discovery-gap -> main still reachable from origin/main (compare status: ahead) at +120s
verify-merge-landed: worktree-space-dogs-we-discovery-gap -> main still reachable from origin/main (compare status: ahead) at +480s
verify-merge-landed: worktree-scraping-v2-sprint2-direct-provider-lint -> main still reachable from origin/main (compare status: ahead) at +120s
verify-merge-landed: worktree-lesmis-handoff-fixes -> main still reachable from origin/main (compare status: ahead) at +120s
verify-merge-landed: worktree-lesmis-handoff-fixes -> main still reachable from origin/main (compare status: ahead) at +120s
verify-merge-landed: worktree-space-dogs-we-discovery-gap -> main still reachable from origin/main (compare status: ahead) at +900s
verify-merge-landed: worktree-space-dogs-we-discovery-gap -> main survived all 3 delayed check(s) — done
verify-merge-landed: worktree-scraping-v2-sprint2-direct-provider-lint -> main still reachable from origin/main (compare status: ahead) at +480s
verify-merge-landed: worktree-lesmis-handoff-fixes -> main still reachable from origin/main (compare status: ahead) at +480s
verify-merge-landed: worktree-lesmis-handoff-fixes -> main still reachable from origin/main (compare status: ahead) at +480s
verify-merge-landed: worktree-merge-verify-hardening -> main still reachable from origin/main (compare status: ahead) at +120s
verify-merge-landed: worktree-space-dogs-we-discovery-gap -> main still reachable from origin/main (compare status: ahead) at +120s
verify-merge-landed: worktree-merge-verify-hardening -> main still reachable from origin/main (compare status: ahead) at +480s
verify-merge-landed: worktree-scraping-v2-sprint2-direct-provider-lint -> main still reachable from origin/main (compare status: ahead) at +900s
verify-merge-landed: worktree-scraping-v2-sprint2-direct-provider-lint -> main survived all 3 delayed check(s) — done
verify-merge-landed: worktree-lesmis-handoff-fixes -> main still reachable from origin/main (compare status: ahead) at +900s
verify-merge-landed: worktree-lesmis-handoff-fixes -> main survived all 3 delayed check(s) — done
verify-merge-landed: worktree-lesmis-handoff-fixes -> main still reachable from origin/main (compare status: ahead) at +900s
verify-merge-landed: worktree-lesmis-handoff-fixes -> main survived all 3 delayed check(s) — done
verify-merge-landed: worktree-space-dogs-we-discovery-gap -> main still reachable from origin/main (compare status: ahead) at +480s
verify-merge-landed: worktree-merge-verify-hardening -> main still reachable from origin/main (compare status: ahead) at +900s
verify-merge-landed: worktree-merge-verify-hardening -> main survived all 3 delayed check(s) — done
verify-merge-landed: worktree-space-dogs-we-discovery-gap -> main still reachable from origin/main (compare status: ahead) at +900s
verify-merge-landed: worktree-space-dogs-we-discovery-gap -> main survived all 3 delayed check(s) — done
verify-merge-landed: worktree-feedback-contentrequest-routing -> main still reachable from origin/main (compare status: ahead) at +120s
verify-merge-landed: worktree-feedback-contentrequest-routing -> main still reachable from origin/main (compare status: ahead) at +480s
verify-merge-landed: worktree-fix-722-shipcheck-p0s -> main still reachable from origin/main (compare status: ahead) at +120s
verify-merge-landed: worktree-fix-722-shipcheck-p0s -> main still reachable from origin/main (compare status: ahead) at +480s
verify-merge-landed: worktree-feedback-contentrequest-routing -> main still reachable from origin/main (compare status: ahead) at +900s
verify-merge-landed: worktree-feedback-contentrequest-routing -> main survived all 3 delayed check(s) — done
verify-merge-landed: worktree-fix-722-shipcheck-p0s -> main still reachable from origin/main (compare status: ahead) at +900s
verify-merge-landed: worktree-fix-722-shipcheck-p0s -> main survived all 3 delayed check(s) — done
verify-merge-landed: worktree-fix-722-shipcheck-p0s -> main still reachable from origin/main (compare status: ahead) at +120s
verify-merge-landed: worktree-fix-722-shipcheck-p0s -> main still reachable from origin/main (compare status: ahead) at +480s
verify-merge-landed: worktree-fix-722-shipcheck-p0s -> main still reachable from origin/main (compare status: ahead) at +120s
verify-merge-landed: worktree-fix-722-shipcheck-p0s -> main still reachable from origin/main (compare status: ahead) at +480s
verify-merge-landed: worktree-fix-722-shipcheck-p0s -> main still reachable from origin/main (compare status: ahead) at +900s
verify-merge-landed: worktree-fix-722-shipcheck-p0s -> main survived all 3 delayed check(s) — done
verify-merge-landed: worktree-fix-722-shipcheck-p0s -> main still reachable from origin/main (compare status: ahead) at +900s
verify-merge-landed: worktree-fix-722-shipcheck-p0s -> main survived all 3 delayed check(s) — done
verify-merge-landed: action-f36a5b46f931 -> main still reachable from origin/main (compare status: identical) at +120s
verify-merge-landed: action-f36a5b46f931 -> main still reachable from origin/main (compare status: ahead) at +480s
verify-merge-landed: action-f36a5b46f931 -> main still reachable from origin/main (compare status: ahead) at +900s
verify-merge-landed: action-f36a5b46f931 -> main survived all 3 delayed check(s) — done
verify-merge-landed: action-d980873cb46f -> main still reachable from origin/main (compare status: ahead) at +120s
verify-merge-landed: action-d980873cb46f -> main still reachable from origin/main (compare status: ahead) at +480s
verify-merge-landed: action-d980873cb46f -> main still reachable from origin/main (compare status: ahead) at +120s
verify-merge-landed: action-d980873cb46f -> main still reachable from origin/main (compare status: ahead) at +480s
verify-merge-landed: action-d980873cb46f -> main still reachable from origin/main (compare status: ahead) at +900s
verify-merge-landed: action-d980873cb46f -> main survived all 3 delayed check(s) — done
verify-merge-landed: action-d980873cb46f -> main still reachable from origin/main (compare status: ahead) at +900s
verify-merge-landed: action-d980873cb46f -> main survived all 3 delayed check(s) — done
verify-merge-landed: worktree-handoff-713-auth-containment -> main still reachable from origin/main (compare status: ahead) at +120s
verify-merge-landed: worktree-add-requested-show-dryrun-722 -> main still reachable from origin/main (compare status: ahead) at +120s
verify-merge-landed: worktree-handoff-713-auth-containment -> main still reachable from origin/main (compare status: ahead) at +480s
verify-merge-landed: worktree-handoff-713-auth-containment -> main still reachable from origin/main (compare status: ahead) at +120s
verify-merge-landed: worktree-add-requested-show-dryrun-722 -> main still reachable from origin/main (compare status: ahead) at +480s
verify-merge-landed: worktree-handoff-713-auth-containment -> main still reachable from origin/main (compare status: ahead) at +480s
verify-merge-landed: worktree-handoff-713-auth-containment -> main still reachable from origin/main (compare status: ahead) at +120s
verify-merge-landed: worktree-handoff-713-auth-containment -> main still reachable from origin/main (compare status: ahead) at +900s
verify-merge-landed: worktree-handoff-713-auth-containment -> main survived all 3 delayed check(s) — done
verify-merge-landed: worktree-add-requested-show-dryrun-722 -> main still reachable from origin/main (compare status: ahead) at +900s
verify-merge-landed: worktree-add-requested-show-dryrun-722 -> main survived all 3 delayed check(s) — done
verify-merge-landed: worktree-handoff-713-auth-containment -> main still reachable from origin/main (compare status: ahead) at +480s
verify-merge-landed: worktree-add-requested-show-dryrun-722 -> main still reachable from origin/main (compare status: ahead) at +120s
verify-merge-landed: worktree-handoff-713-auth-containment -> main still reachable from origin/main (compare status: ahead) at +900s
verify-merge-landed: worktree-handoff-713-auth-containment -> main survived all 3 delayed check(s) — done
verify-merge-landed: worktree-add-requested-show-dryrun-722 -> main still reachable from origin/main (compare status: ahead) at +480s
verify-merge-landed: worktree-handoff-713-auth-containment -> main still reachable from origin/main (compare status: ahead) at +900s
verify-merge-landed: worktree-handoff-713-auth-containment -> main survived all 3 delayed check(s) — done
verify-merge-landed: worktree-add-requested-show-dryrun-722 -> main still reachable from origin/main (compare status: ahead) at +120s
verify-merge-landed: worktree-add-requested-show-dryrun-722 -> main still reachable from origin/main (compare status: ahead) at +900s
verify-merge-landed: worktree-add-requested-show-dryrun-722 -> main survived all 3 delayed check(s) — done
verify-merge-landed: worktree-add-requested-show-dryrun-722 -> main still reachable from origin/main (compare status: ahead) at +480s
verify-merge-landed: worktree-add-requested-show-dryrun-722 -> main still reachable from origin/main (compare status: ahead) at +900s
verify-merge-landed: worktree-add-requested-show-dryrun-722 -> main survived all 3 delayed check(s) — done
verify-merge-landed: action-f6e01deb4c7b -> main still reachable from origin/main (compare status: ahead) at +120s
verify-merge-landed: action-f6e01deb4c7b -> main still reachable from origin/main (compare status: ahead) at +480s
verify-merge-landed: job/326-msbxpfqi -> main still reachable from origin/main (compare status: ahead) at +120s
verify-merge-landed: job/326-msbxpfqi -> main still reachable from origin/main (compare status: ahead) at +480s
verify-merge-landed: action-f6e01deb4c7b -> main still reachable from origin/main (compare status: ahead) at +900s
verify-merge-landed: action-f6e01deb4c7b -> main survived all 3 delayed check(s) — done
Get "https://api.github.com/repos/thomaspryor/Broadwayscore/compare/e716df9974f8ea31c3f7c0c0af435c3697827746...main": dial tcp 140.82.114.5:443: i/o timeout
verify-merge-landed: check skipped at +900s (Command failed: gh api repos/thomaspryor/Broadwayscore/compare/e716df9974f8ea31c3f7c0c0af435c3697827746...main --jq .status
Get "https://api.github.com/repos/thomaspryor/Broadwayscore/compare/e716df9974f8ea31c3f7c0c0af435c3697827746...main": dial tcp 140.82.114.5:443: i/o timeout
) — will retry at next delay
verify-merge-landed: job/326-msbxpfqi -> main survived all 3 delayed check(s) — done
verify-merge-landed: action-dd8de8f6a686 -> main still reachable from origin/main (compare status: identical) at +120s
verify-merge-landed: action-dd8de8f6a686 -> main still reachable from origin/main (compare status: ahead) at +480s
verify-merge-landed: action-dd8de8f6a686 -> main still reachable from origin/main (compare status: ahead) at +900s
verify-merge-landed: action-dd8de8f6a686 -> main survived all 3 delayed check(s) — done
